../Drivers/STM32G4xx_HAL_Driver/Src/stm32g4xx_hal_uart.c:307:19:HAL_UART_Init	16	static
../Drivers/STM32G4xx_HAL_Driver/Src/stm32g4xx_hal_uart.c:382:19:HAL_HalfDuplex_Init	16	static
../Drivers/STM32G4xx_HAL_Driver/Src/stm32g4xx_hal_uart.c:457:19:HAL_LIN_Init	16	static
../Drivers/STM32G4xx_HAL_Driver/Src/stm32g4xx_hal_uart.c:556:19:HAL_MultiProcessor_Init	24	static
../Drivers/STM32G4xx_HAL_Driver/Src/stm32g4xx_hal_uart.c:632:19:HAL_UART_DeInit	16	static
../Drivers/STM32G4xx_HAL_Driver/Src/stm32g4xx_hal_uart.c:679:13:HAL_UART_MspInit	16	static
../Drivers/STM32G4xx_HAL_Driver/Src/stm32g4xx_hal_uart.c:694:13:HAL_UART_MspDeInit	16	static
../Drivers/STM32G4xx_HAL_Driver/Src/stm32g4xx_hal_uart.c:1117:19:HAL_UART_Transmit	48	static
../Drivers/STM32G4xx_HAL_Driver/Src/stm32g4xx_hal_uart.c:1207:19:HAL_UART_Receive	48	static
../Drivers/STM32G4xx_HAL_Driver/Src/stm32g4xx_hal_uart.c:1291:19:HAL_UART_Transmit_IT	72	static,ignoring_inline_asm
../Drivers/STM32G4xx_HAL_Driver/Src/stm32g4xx_hal_uart.c:1359:19:HAL_UART_Receive_IT	48	static,ignoring_inline_asm
../Drivers/STM32G4xx_HAL_Driver/Src/stm32g4xx_hal_uart.c:1400:19:HAL_UART_Transmit_DMA	48	static,ignoring_inline_asm
../Drivers/STM32G4xx_HAL_Driver/Src/stm32g4xx_hal_uart.c:1470:19:HAL_UART_Receive_DMA	48	static,ignoring_inline_asm
../Drivers/STM32G4xx_HAL_Driver/Src/stm32g4xx_hal_uart.c:1506:19:HAL_UART_DMAPause	120	static,ignoring_inline_asm
../Drivers/STM32G4xx_HAL_Driver/Src/stm32g4xx_hal_uart.c:1536:19:HAL_UART_DMAResume	112	static,ignoring_inline_asm
../Drivers/STM32G4xx_HAL_Driver/Src/stm32g4xx_hal_uart.c:1567:19:HAL_UART_DMAStop	72	static,ignoring_inline_asm
../Drivers/STM32G4xx_HAL_Driver/Src/stm32g4xx_hal_uart.c:1642:19:HAL_UART_Abort	136	static,ignoring_inline_asm
../Drivers/STM32G4xx_HAL_Driver/Src/stm32g4xx_hal_uart.c:1745:19:HAL_UART_AbortTransmit	88	static,ignoring_inline_asm
../Drivers/STM32G4xx_HAL_Driver/Src/stm32g4xx_hal_uart.c:1804:19:HAL_UART_AbortReceive	112	static,ignoring_inline_asm
../Drivers/STM32G4xx_HAL_Driver/Src/stm32g4xx_hal_uart.c:1872:19:HAL_UART_Abort_IT	144	static,ignoring_inline_asm
../Drivers/STM32G4xx_HAL_Driver/Src/stm32g4xx_hal_uart.c:2025:19:HAL_UART_AbortTransmit_IT	88	static,ignoring_inline_asm
../Drivers/STM32G4xx_HAL_Driver/Src/stm32g4xx_hal_uart.c:2116:19:HAL_UART_AbortReceive_IT	112	static,ignoring_inline_asm
../Drivers/STM32G4xx_HAL_Driver/Src/stm32g4xx_hal_uart.c:2209:6:HAL_UART_IRQHandler	240	static,ignoring_inline_asm
../Drivers/STM32G4xx_HAL_Driver/Src/stm32g4xx_hal_uart.c:2561:13:HAL_UART_TxCpltCallback	16	static
../Drivers/STM32G4xx_HAL_Driver/Src/stm32g4xx_hal_uart.c:2576:13:HAL_UART_TxHalfCpltCallback	16	static
../Drivers/STM32G4xx_HAL_Driver/Src/stm32g4xx_hal_uart.c:2591:13:HAL_UART_RxCpltCallback	16	static
../Drivers/STM32G4xx_HAL_Driver/Src/stm32g4xx_hal_uart.c:2606:13:HAL_UART_RxHalfCpltCallback	16	static
../Drivers/STM32G4xx_HAL_Driver/Src/stm32g4xx_hal_uart.c:2621:13:HAL_UART_ErrorCallback	16	static
../Drivers/STM32G4xx_HAL_Driver/Src/stm32g4xx_hal_uart.c:2636:13:HAL_UART_AbortCpltCallback	16	static
../Drivers/STM32G4xx_HAL_Driver/Src/stm32g4xx_hal_uart.c:2651:13:HAL_UART_AbortTransmitCpltCallback	16	static
../Drivers/STM32G4xx_HAL_Driver/Src/stm32g4xx_hal_uart.c:2666:13:HAL_UART_AbortReceiveCpltCallback	16	static
../Drivers/STM32G4xx_HAL_Driver/Src/stm32g4xx_hal_uart.c:2683:13:HAL_UARTEx_RxEventCallback	16	static
../Drivers/STM32G4xx_HAL_Driver/Src/stm32g4xx_hal_uart.c:2731:6:HAL_UART_ReceiverTimeout_Config	16	static
../Drivers/STM32G4xx_HAL_Driver/Src/stm32g4xx_hal_uart.c:2746:19:HAL_UART_EnableReceiverTimeout	16	static
../Drivers/STM32G4xx_HAL_Driver/Src/stm32g4xx_hal_uart.c:2784:19:HAL_UART_DisableReceiverTimeout	16	static
../Drivers/STM32G4xx_HAL_Driver/Src/stm32g4xx_hal_uart.c:2822:19:HAL_MultiProcessor_EnableMuteMode	40	static,ignoring_inline_asm
../Drivers/STM32G4xx_HAL_Driver/Src/stm32g4xx_hal_uart.c:2842:19:HAL_MultiProcessor_DisableMuteMode	40	static,ignoring_inline_asm
../Drivers/STM32G4xx_HAL_Driver/Src/stm32g4xx_hal_uart.c:2862:6:HAL_MultiProcessor_EnterMuteMode	16	static
../Drivers/STM32G4xx_HAL_Driver/Src/stm32g4xx_hal_uart.c:2872:19:HAL_HalfDuplex_EnableTransmitter	64	static,ignoring_inline_asm
../Drivers/STM32G4xx_HAL_Driver/Src/stm32g4xx_hal_uart.c:2895:19:HAL_HalfDuplex_EnableReceiver	64	static,ignoring_inline_asm
../Drivers/STM32G4xx_HAL_Driver/Src/stm32g4xx_hal_uart.c:2919:19:HAL_LIN_SendBreak	16	static
../Drivers/STM32G4xx_HAL_Driver/Src/stm32g4xx_hal_uart.c:2964:23:HAL_UART_GetState	24	static
../Drivers/STM32G4xx_HAL_Driver/Src/stm32g4xx_hal_uart.c:2980:10:HAL_UART_GetError	16	static
../Drivers/STM32G4xx_HAL_Driver/Src/stm32g4xx_hal_uart.c:3026:19:UART_SetConfig	80	static
../Drivers/STM32G4xx_HAL_Driver/Src/stm32g4xx_hal_uart.c:3243:6:UART_AdvFeatureConfig	16	static
../Drivers/STM32G4xx_HAL_Driver/Src/stm32g4xx_hal_uart.c:3317:19:UART_CheckIdleState	104	static,ignoring_inline_asm
../Drivers/STM32G4xx_HAL_Driver/Src/stm32g4xx_hal_uart.c:3386:19:UART_WaitOnFlagUntilTimeout	24	static
../Drivers/STM32G4xx_HAL_Driver/Src/stm32g4xx_hal_uart.c:3454:19:UART_Start_Receive_IT	144	static,ignoring_inline_asm
../Drivers/STM32G4xx_HAL_Driver/Src/stm32g4xx_hal_uart.c:3526:19:UART_Start_Receive_DMA	96	static,ignoring_inline_asm
../Drivers/STM32G4xx_HAL_Driver/Src/stm32g4xx_hal_uart.c:3583:13:UART_EndTxTransfer	64	static,ignoring_inline_asm
../Drivers/STM32G4xx_HAL_Driver/Src/stm32g4xx_hal_uart.c:3599:13:UART_EndRxTransfer	88	static,ignoring_inline_asm
../Drivers/STM32G4xx_HAL_Driver/Src/stm32g4xx_hal_uart.c:3625:13:UART_DMATransmitCplt	72	static,ignoring_inline_asm
../Drivers/STM32G4xx_HAL_Driver/Src/stm32g4xx_hal_uart.c:3659:13:UART_DMATxHalfCplt	24	static
../Drivers/STM32G4xx_HAL_Driver/Src/stm32g4xx_hal_uart.c:3677:13:UART_DMAReceiveCplt	120	static,ignoring_inline_asm
../Drivers/STM32G4xx_HAL_Driver/Src/stm32g4xx_hal_uart.c:3738:13:UART_DMARxHalfCplt	24	static
../Drivers/STM32G4xx_HAL_Driver/Src/stm32g4xx_hal_uart.c:3776:13:UART_DMAError	32	static
../Drivers/STM32G4xx_HAL_Driver/Src/stm32g4xx_hal_uart.c:3816:13:UART_DMAAbortOnError	24	static
../Drivers/STM32G4xx_HAL_Driver/Src/stm32g4xx_hal_uart.c:3838:13:UART_DMATxAbortCallback	24	static
../Drivers/STM32G4xx_HAL_Driver/Src/stm32g4xx_hal_uart.c:3893:13:UART_DMARxAbortCallback	24	static
../Drivers/STM32G4xx_HAL_Driver/Src/stm32g4xx_hal_uart.c:3945:13:UART_DMATxOnlyAbortCallback	24	static
../Drivers/STM32G4xx_HAL_Driver/Src/stm32g4xx_hal_uart.c:3978:13:UART_DMARxOnlyAbortCallback	24	static
../Drivers/STM32G4xx_HAL_Driver/Src/stm32g4xx_hal_uart.c:4011:13:UART_TxISR_8BIT	64	static,ignoring_inline_asm
../Drivers/STM32G4xx_HAL_Driver/Src/stm32g4xx_hal_uart.c:4040:13:UART_TxISR_16BIT	72	static,ignoring_inline_asm
../Drivers/STM32G4xx_HAL_Driver/Src/stm32g4xx_hal_uart.c:4072:13:UART_TxISR_8BIT_FIFOEN	72	static,ignoring_inline_asm
../Drivers/STM32G4xx_HAL_Driver/Src/stm32g4xx_hal_uart.c:4112:13:UART_TxISR_16BIT_FIFOEN	72	static,ignoring_inline_asm
../Drivers/STM32G4xx_HAL_Driver/Src/stm32g4xx_hal_uart.c:4153:13:UART_EndTransmit_IT	40	static,ignoring_inline_asm
../Drivers/STM32G4xx_HAL_Driver/Src/stm32g4xx_hal_uart.c:4178:13:UART_RxISR_8BIT	120	static,ignoring_inline_asm
../Drivers/STM32G4xx_HAL_Driver/Src/stm32g4xx_hal_uart.c:4269:13:UART_RxISR_16BIT	120	static,ignoring_inline_asm
../Drivers/STM32G4xx_HAL_Driver/Src/stm32g4xx_hal_uart.c:4362:13:UART_RxISR_8BIT_FIFOEN	184	static,ignoring_inline_asm
../Drivers/STM32G4xx_HAL_Driver/Src/stm32g4xx_hal_uart.c:4525:13:UART_RxISR_16BIT_FIFOEN	192	static,ignoring_inline_asm
