Archive member included to satisfy reference by file (symbol)

/home/etienne/st/stm32cubeide_1.18.1/plugins/com.st.stm32cube.ide.mcu.externaltools.gnu-tools-for-stm32.13.3.rel1.linux64_1.0.0.202410170706/tools/bin/../lib/gcc/arm-none-eabi/13.3.1/../../../../arm-none-eabi/lib/thumb/v7e-m+fp/hard/libc_nano.a(libc_a-exit.o)
                              /home/etienne/st/stm32cubeide_1.18.1/plugins/com.st.stm32cube.ide.mcu.externaltools.gnu-tools-for-stm32.13.3.rel1.linux64_1.0.0.202410170706/tools/bin/../lib/gcc/arm-none-eabi/13.3.1/../../../../arm-none-eabi/lib/thumb/v7e-m+fp/hard/crt0.o (exit)
/home/etienne/st/stm32cubeide_1.18.1/plugins/com.st.stm32cube.ide.mcu.externaltools.gnu-tools-for-stm32.13.3.rel1.linux64_1.0.0.202410170706/tools/bin/../lib/gcc/arm-none-eabi/13.3.1/../../../../arm-none-eabi/lib/thumb/v7e-m+fp/hard/libc_nano.a(libc_a-findfp.o)
                              /home/etienne/st/stm32cubeide_1.18.1/plugins/com.st.stm32cube.ide.mcu.externaltools.gnu-tools-for-stm32.13.3.rel1.linux64_1.0.0.202410170706/tools/bin/../lib/gcc/arm-none-eabi/13.3.1/../../../../arm-none-eabi/lib/thumb/v7e-m+fp/hard/libc_nano.a(libc_a-exit.o) (__stdio_exit_handler)
/home/etienne/st/stm32cubeide_1.18.1/plugins/com.st.stm32cube.ide.mcu.externaltools.gnu-tools-for-stm32.13.3.rel1.linux64_1.0.0.202410170706/tools/bin/../lib/gcc/arm-none-eabi/13.3.1/../../../../arm-none-eabi/lib/thumb/v7e-m+fp/hard/libc_nano.a(libc_a-fwalk.o)
                              /home/etienne/st/stm32cubeide_1.18.1/plugins/com.st.stm32cube.ide.mcu.externaltools.gnu-tools-for-stm32.13.3.rel1.linux64_1.0.0.202410170706/tools/bin/../lib/gcc/arm-none-eabi/13.3.1/../../../../arm-none-eabi/lib/thumb/v7e-m+fp/hard/libc_nano.a(libc_a-findfp.o) (_fwalk_sglue)
/home/etienne/st/stm32cubeide_1.18.1/plugins/com.st.stm32cube.ide.mcu.externaltools.gnu-tools-for-stm32.13.3.rel1.linux64_1.0.0.202410170706/tools/bin/../lib/gcc/arm-none-eabi/13.3.1/../../../../arm-none-eabi/lib/thumb/v7e-m+fp/hard/libc_nano.a(libc_a-printf.o)
                              ./Core/Src/Devices/SCServos.o (printf)
/home/etienne/st/stm32cubeide_1.18.1/plugins/com.st.stm32cube.ide.mcu.externaltools.gnu-tools-for-stm32.13.3.rel1.linux64_1.0.0.202410170706/tools/bin/../lib/gcc/arm-none-eabi/13.3.1/../../../../arm-none-eabi/lib/thumb/v7e-m+fp/hard/libc_nano.a(libc_a-stdio.o)
                              /home/etienne/st/stm32cubeide_1.18.1/plugins/com.st.stm32cube.ide.mcu.externaltools.gnu-tools-for-stm32.13.3.rel1.linux64_1.0.0.202410170706/tools/bin/../lib/gcc/arm-none-eabi/13.3.1/../../../../arm-none-eabi/lib/thumb/v7e-m+fp/hard/libc_nano.a(libc_a-findfp.o) (__sread)
/home/etienne/st/stm32cubeide_1.18.1/plugins/com.st.stm32cube.ide.mcu.externaltools.gnu-tools-for-stm32.13.3.rel1.linux64_1.0.0.202410170706/tools/bin/../lib/gcc/arm-none-eabi/13.3.1/../../../../arm-none-eabi/lib/thumb/v7e-m+fp/hard/libc_nano.a(libc_a-memset.o)
                              /home/etienne/st/stm32cubeide_1.18.1/plugins/com.st.stm32cube.ide.mcu.externaltools.gnu-tools-for-stm32.13.3.rel1.linux64_1.0.0.202410170706/tools/bin/../lib/gcc/arm-none-eabi/13.3.1/../../../../arm-none-eabi/lib/thumb/v7e-m+fp/hard/crt0.o (memset)
/home/etienne/st/stm32cubeide_1.18.1/plugins/com.st.stm32cube.ide.mcu.externaltools.gnu-tools-for-stm32.13.3.rel1.linux64_1.0.0.202410170706/tools/bin/../lib/gcc/arm-none-eabi/13.3.1/../../../../arm-none-eabi/lib/thumb/v7e-m+fp/hard/libc_nano.a(libc_a-closer.o)
                              /home/etienne/st/stm32cubeide_1.18.1/plugins/com.st.stm32cube.ide.mcu.externaltools.gnu-tools-for-stm32.13.3.rel1.linux64_1.0.0.202410170706/tools/bin/../lib/gcc/arm-none-eabi/13.3.1/../../../../arm-none-eabi/lib/thumb/v7e-m+fp/hard/libc_nano.a(libc_a-stdio.o) (_close_r)
/home/etienne/st/stm32cubeide_1.18.1/plugins/com.st.stm32cube.ide.mcu.externaltools.gnu-tools-for-stm32.13.3.rel1.linux64_1.0.0.202410170706/tools/bin/../lib/gcc/arm-none-eabi/13.3.1/../../../../arm-none-eabi/lib/thumb/v7e-m+fp/hard/libc_nano.a(libc_a-reent.o)
                              /home/etienne/st/stm32cubeide_1.18.1/plugins/com.st.stm32cube.ide.mcu.externaltools.gnu-tools-for-stm32.13.3.rel1.linux64_1.0.0.202410170706/tools/bin/../lib/gcc/arm-none-eabi/13.3.1/../../../../arm-none-eabi/lib/thumb/v7e-m+fp/hard/libc_nano.a(libc_a-closer.o) (errno)
/home/etienne/st/stm32cubeide_1.18.1/plugins/com.st.stm32cube.ide.mcu.externaltools.gnu-tools-for-stm32.13.3.rel1.linux64_1.0.0.202410170706/tools/bin/../lib/gcc/arm-none-eabi/13.3.1/../../../../arm-none-eabi/lib/thumb/v7e-m+fp/hard/libc_nano.a(libc_a-impure.o)
                              /home/etienne/st/stm32cubeide_1.18.1/plugins/com.st.stm32cube.ide.mcu.externaltools.gnu-tools-for-stm32.13.3.rel1.linux64_1.0.0.202410170706/tools/bin/../lib/gcc/arm-none-eabi/13.3.1/../../../../arm-none-eabi/lib/thumb/v7e-m+fp/hard/libc_nano.a(libc_a-printf.o) (_impure_ptr)
[...]
Memory Configuration

Name             Origin             Length             Attributes
RAM              0x20000000         0x00008000         xrw
FLASH            0x08000000         0x00020000         xr
*default*        0x00000000         0xffffffff

Linker script and memory map

LOAD /home/etienne/st/stm32cubeide_1.18.1/plugins/com.st.stm32cube.ide.mcu.externaltools.gnu-tools-for-stm32.13.3.rel1.linux64_1.0.0.202410170706/tools/bin/../lib/gcc/arm-none-eabi/13.3.1/thumb/v7e-m+fp/hard/crti.o
LOAD /home/etienne/st/stm32cubeide_1.18.1/plugins/com.st.stm32cube.ide.mcu.externaltools.gnu-tools-for-stm32.13.3.rel1.linux64_1.0.0.202410170706/tools/bin/../lib/gcc/arm-none-eabi/13.3.1/thumb/v7e-m+fp/hard/crtbegin.o
LOAD /home/etienne/st/stm32cubeide_1.18.1/plugins/com.st.stm32cube.ide.mcu.externaltools.gnu-tools-for-stm32.13.3.rel1.linux64_1.0.0.202410170706/tools/bin/../lib/gcc/arm-none-eabi/13.3.1/../../../../arm-none-eabi/lib/thumb/v7e-m+fp/hard/crt0.o
LOAD ./Core/Src/Devices/SCServos.o
LOAD ./Core/Src/gpio.o
LOAD ./Core/Src/main.o
LOAD ./Core/Src/stm32g4xx_hal_msp.o
LOAD ./Core/Src/stm32g4xx_it.o
LOAD ./Core/Src/syscalls.o
LOAD ./Core/Src/sysmem.o
LOAD ./Core/Src/system_stm32g4xx.o
LOAD ./Core/Src/usart.o
LOAD ./Core/Startup/startup_stm32g431kbtx.o
LOAD ./Drivers/BSP/STM32G4xx_Nucleo/stm32g4xx_nucleo.o
LOAD ./Drivers/STM32G4xx_HAL_Driver/Src/stm32g4xx_hal.o
LOAD ./Drivers/STM32G4xx_HAL_Driver/Src/stm32g4xx_hal_cortex.o
LOAD ./Drivers/STM32G4xx_HAL_Driver/Src/stm32g4xx_hal_dma.o
LOAD ./Drivers/STM32G4xx_HAL_Driver/Src/stm32g4xx_hal_dma_ex.o
LOAD ./Drivers/STM32G4xx_HAL_Driver/Src/stm32g4xx_hal_exti.o
LOAD ./Drivers/STM32G4xx_HAL_Driver/Src/stm32g4xx_hal_flash.o
LOAD ./Drivers/STM32G4xx_HAL_Driver/Src/stm32g4xx_hal_flash_ex.o
LOAD ./Drivers/STM32G4xx_HAL_Driver/Src/stm32g4xx_hal_flash_ramfunc.o
LOAD ./Drivers/STM32G4xx_HAL_Driver/Src/stm32g4xx_hal_gpio.o
LOAD ./Drivers/STM32G4xx_HAL_Driver/Src/stm32g4xx_hal_pwr.o
LOAD ./Drivers/STM32G4xx_HAL_Driver/Src/stm32g4xx_hal_pwr_ex.o
LOAD ./Drivers/STM32G4xx_HAL_Driver/Src/stm32g4xx_hal_rcc.o
LOAD ./Drivers/STM32G4xx_HAL_Driver/Src/stm32g4xx_hal_rcc_ex.o
LOAD ./Drivers/STM32G4xx_HAL_Driver/Src/stm32g4xx_hal_uart.o
LOAD ./Drivers/STM32G4xx_HAL_Driver/Src/stm32g4xx_hal_uart_ex.o
LOAD ./Drivers/STM32G4xx_HAL_Driver/Src/stm32g4xx_hal_usart.o
LOAD ./Drivers/STM32G4xx_HAL_Driver/Src/stm32g4xx_hal_usart_ex.o
START GROUP
LOAD /home/etienne/st/stm32cubeide_1.18.1/plugins/com.st.stm32cube.ide.mcu.externaltools.gnu-tools-for-stm32.13.3.rel1.linux64_1.0.0.202410170706/tools/bin/../lib/gcc/arm-none-eabi/13.3.1/../../../../arm-none-eabi/lib/thumb/v7e-m+fp/hard/libstdc++_nano.a
LOAD /home/etienne/st/stm32cubeide_1.18.1/plugins/com.st.stm32cube.ide.mcu.externaltools.gnu-tools-for-stm32.13.3.rel1.linux64_1.0.0.202410170706/tools/bin/../lib/gcc/arm-none-eabi/13.3.1/../../../../arm-none-eabi/lib/thumb/v7e-m+fp/hard/libsupc++_nano.a
END GROUP
LOAD /home/etienne/st/stm32cubeide_1.18.1/plugins/com.st.stm32cube.ide.mcu.externaltools.gnu-tools-for-stm32.13.3.rel1.linux64_1.0.0.202410170706/tools/bin/../lib/gcc/arm-none-eabi/13.3.1/../../../../arm-none-eabi/lib/thumb/v7e-m+fp/hard/libstdc++_nano.a
LOAD /home/etienne/st/stm32cubeide_1.18.1/plugins/com.st.stm32cube.ide.mcu.externaltools.gnu-tools-for-stm32.13.3.rel1.linux64_1.0.0.202410170706/tools/bin/../lib/gcc/arm-none-eabi/13.3.1/../../../../arm-none-eabi/lib/thumb/v7e-m+fp/hard/libm.a
LOAD /home/etienne/st/stm32cubeide_1.18.1/plugins/com.st.stm32cube.ide.mcu.externaltools.gnu-tools-for-stm32.13.3.rel1.linux64_1.0.0.202410170706/tools/bin/../lib/gcc/arm-none-eabi/13.3.1/../../../../arm-none-eabi/lib/thumb/v7e-m+fp/hard/libc_nano.a
START GROUP
LOAD /home/etienne/st/stm32cubeide_1.18.1/plugins/com.st.stm32cube.ide.mcu.externaltools.gnu-tools-for-stm32.13.3.rel1.linux64_1.0.0.202410170706/tools/bin/../lib/gcc/arm-none-eabi/13.3.1/thumb/v7e-m+fp/hard/libgcc.a
LOAD /home/etienne/st/stm32cubeide_1.18.1/plugins/com.st.stm32cube.ide.mcu.externaltools.gnu-tools-for-stm32.13.3.rel1.linux64_1.0.0.202410170706/tools/bin/../lib/gcc/arm-none-eabi/13.3.1/../../../../arm-none-eabi/lib/thumb/v7e-m+fp/hard/libc_nano.a
END GROUP
START GROUP
LOAD /home/etienne/st/stm32cubeide_1.18.1/plugins/com.st.stm32cube.ide.mcu.externaltools.gnu-tools-for-stm32.13.3.rel1.linux64_1.0.0.202410170706/tools/bin/../lib/gcc/arm-none-eabi/13.3.1/thumb/v7e-m+fp/hard/libgcc.a
LOAD /home/etienne/st/stm32cubeide_1.18.1/plugins/com.st.stm32cube.ide.mcu.externaltools.gnu-tools-for-stm32.13.3.rel1.linux64_1.0.0.202410170706/tools/bin/../lib/gcc/arm-none-eabi/13.3.1/../../../../arm-none-eabi/lib/thumb/v7e-m+fp/hard/libc_nano.a
LOAD /home/etienne/st/stm32cubeide_1.18.1/plugins/com.st.stm32cube.ide.mcu.externaltools.gnu-tools-for-stm32.13.3.rel1.linux64_1.0.0.202410170706/tools/bin/../lib/gcc/arm-none-eabi/13.3.1/../../../../arm-none-eabi/lib/thumb/v7e-m+fp/hard/libnosys.a
END GROUP
START GROUP
LOAD /home/etienne/st/stm32cubeide_1.18.1/plugins/com.st.stm32cube.ide.mcu.externaltools.gnu-tools-for-stm32.13.3.rel1.linux64_1.0.0.202410170706/tools/bin/../lib/gcc/arm-none-eabi/13.3.1/thumb/v7e-m+fp/hard/libgcc.a
LOAD /home/etienne/st/stm32cubeide_1.18.1/plugins/com.st.stm32cube.ide.mcu.externaltools.gnu-tools-for-stm32.13.3.rel1.linux64_1.0.0.202410170706/tools/bin/../lib/gcc/arm-none-eabi/13.3.1/../../../../arm-none-eabi/lib/thumb/v7e-m+fp/hard/libc_nano.a
LOAD /home/etienne/st/stm32cubeide_1.18.1/plugins/com.st.stm32cube.ide.mcu.externaltools.gnu-tools-for-stm32.13.3.rel1.linux64_1.0.0.202410170706/tools/bin/../lib/gcc/arm-none-eabi/13.3.1/../../../../arm-none-eabi/lib/thumb/v7e-m+fp/hard/libnosys.a
END GROUP
LOAD /home/etienne/st/stm32cubeide_1.18.1/plugins/com.st.stm32cube.ide.mcu.externaltools.gnu-tools-for-stm32.13.3.rel1.linux64_1.0.0.202410170706/tools/bin/../lib/gcc/arm-none-eabi/13.3.1/thumb/v7e-m+fp/hard/crtend.o
LOAD /home/etienne/st/stm32cubeide_1.18.1/plugins/com.st.stm32cube.ide.mcu.externaltools.gnu-tools-for-stm32.13.3.rel1.linux64_1.0.0.202410170706/tools/bin/../lib/gcc/arm-none-eabi/13.3.1/thumb/v7e-m+fp/hard/crtn.o
                0x20008000                        _estack = (ORIGIN (RAM) + LENGTH (RAM))
                0x00000200                        _Min_Heap_Size = 0x200
                0x00000400                        _Min_Stack_Size = 0x400

.isr_vector     0x08000000      0x1d8
                0x08000000                        . = ALIGN (0x4)
 *(.isr_vector)
 .isr_vector    0x08000000      0x1d8 ./Core/Startup/startup_stm32g431kbtx.o
                0x08000000                g_pfnVectors
                0x080001d8                        . = ALIGN (0x4)

.text           0x080001e0     0x4bb0
                0x080001e0                        . = ALIGN (0x4)
 *(.text)
 .text          0x080001e0       0x40 /home/etienne/st/stm32cubeide_1.18.1/plugins/com.st.stm32cube.ide.mcu.externaltools.gnu-tools-for-stm32.13.3.rel1.linux64_1.0.0.202410170706/tools/bin/../lib/gcc/arm-none-eabi/13.3.1/thumb/v7e-m+fp/hard/crtbegin.o
 .text          0x08000220       0xa0 /home/etienne/st/stm32cubeide_1.18.1/plugins/com.st.stm32cube.ide.mcu.externaltools.gnu-tools-for-stm32.13.3.rel1.linux64_1.0.0.202410170706/tools/bin/../lib/gcc/arm-none-eabi/13.3.1/../../../../arm-none-eabi/lib/thumb/v7e-m+fp/hard/libc_nano.a(libc_a-memchr.o)
                0x08000220                memchr
 .text          0x080002c0      0x254 /home/etienne/st/stm32cubeide_1.18.1/plugins/com.st.stm32cube.ide.mcu.externaltools.gnu-tools-for-stm32.13.3.rel1.linux64_1.0.0.202410170706/tools/bin/../lib/gcc/arm-none-eabi/13.3.1/thumb/v7e-m+fp/hard/libgcc.a(_arm_muldf3.o)
                0x080002c0                __aeabi_dmul
                0x080002c0                __muldf3
 .text          0x08000514      0x378 /home/etienne/st/stm32cubeide_1.18.1/plugins/com.st.stm32cube.ide.mcu.externaltools.gnu-tools-for-stm32.13.3.rel1.linux64_1.0.0.202410170706/tools/bin/../lib/gcc/arm-none-eabi/13.3.1/thumb/v7e-m+fp/hard/libgcc.a(_arm_addsubdf3.o)
                0x08000514                __aeabi_drsub
                0x0800051c                __aeabi_dsub
                0x0800051c                __subdf3
                0x08000520                __adddf3
                0x08000520                __aeabi_dadd
                0x08000798                __aeabi_ui2d
                0x08000798                __floatunsidf
                0x080007b8                __floatsidf
                0x080007b8                __aeabi_i2d
                0x080007dc                __extendsfdf2
                0x080007dc                __aeabi_f2d
                0x08000820                __aeabi_ul2d
                0x08000820                __floatundidf
                0x08000830                __floatdidf
                0x08000830                __aeabi_l2d
 .text          0x0800088c       0x50 /home/etienne/st/stm32cubeide_1.18.1/plugins/com.st.stm32cube.ide.mcu.externaltools.gnu-tools-for-stm32.13.3.rel1.linux64_1.0.0.202410170706/tools/bin/../lib/gcc/arm-none-eabi/13.3.1/thumb/v7e-m+fp/hard/libgcc.a(_arm_fixdfsi.o)
                0x0800088c                __fixdfsi
                0x0800088c                __aeabi_d2iz
 .text          0x080008dc       0x30 /home/etienne/st/stm32cubeide_1.18.1/plugins/com.st.stm32cube.ide.mcu.externaltools.gnu-tools-for-stm32.13.3.rel1.linux64_1.0.0.202410170706/tools/bin/../lib/gcc/arm-none-eabi/13.3.1/thumb/v7e-m+fp/hard/libgcc.a(_aeabi_uldivmod.o)
                0x080008dc                __aeabi_uldivmod
 .text          0x0800090c      0x2f8 /home/etienne/st/stm32cubeide_1.18.1/plugins/com.st.stm32cube.ide.mcu.externaltools.gnu-tools-for-stm32.13.3.rel1.linux64_1.0.0.202410170706/tools/bin/../lib/gcc/arm-none-eabi/13.3.1/thumb/v7e-m+fp/hard/libgcc.a(_udivmoddi4.o)
                0x0800090c                __udivmoddi4
 .text          0x08000c04        0x4 /home/etienne/st/stm32cubeide_1.18.1/plugins/com.st.stm32cube.ide.mcu.externaltools.gnu-tools-for-stm32.13.3.rel1.linux64_1.0.0.202410170706/tools/bin/../lib/gcc/arm-none-eabi/13.3.1/thumb/v7e-m+fp/hard/libgcc.a(_dvmd_tls.o)
                0x08000c04                __aeabi_ldiv0
                0x08000c04                __aeabi_idiv0
 *(.text*)
 .text._ZN8SCServosC2Ev
                0x08000c08       0x20 ./Core/Src/Devices/SCServos.o
                0x08000c08                SCServos::SCServos()
                0x08000c08                SCServos::SCServos()
 .text._ZN7devices10scs_servos4testEv
                0x08000c28       0x90 ./Core/Src/Devices/SCServos.o
                0x08000c28                devices::scs_servos::test()
 .text._ZN7devices10scs_servos10set_enableEb
                0x08000cb8       0x54 ./Core/Src/Devices/SCServos.o
                0x08000cb8                devices::scs_servos::set_enable(bool)
 .text._ZN7devices10scs_servos9set_angleEhfi
                0x08000d0c       0x2e ./Core/Src/Devices/SCServos.o
                0x08000d0c                devices::scs_servos::set_angle(unsigned char, float, int)
 *fill*         0x08000d3a        0x6 
 .text._ZN7devices10scs_servos15set_angle_asyncEhfi
                0x08000d40       0x74 ./Core/Src/Devices/SCServos.o
                0x08000d40                devices::scs_servos::set_angle_async(unsigned char, float, int)
 .text._ZN8SCServosC2EP20__UART_HandleTypeDef
                0x08000db4       0x28 ./Core/Src/Devices/SCServos.o
                0x08000db4                SCServos::SCServos(__UART_HandleTypeDef*)
                0x08000db4                SCServos::SCServos(__UART_HandleTypeDef*)
 .text._ZNK8SCServos10write_byteEh
                0x08000ddc       0x32 ./Core/Src/Devices/SCServos.o
                0x08000ddc                SCServos::write_byte(unsigned char) const
 .text._ZNK8SCServos11write_bytesEPht
                0x08000e0e       0x3c ./Core/Src/Devices/SCServos.o
                0x08000e0e                SCServos::write_bytes(unsigned char*, unsigned short) const
 .text._ZNK8SCServos7ReadBufEtPh
                0x08000e4a       0x38 ./Core/Src/Devices/SCServos.o
                0x08000e4a                SCServos::ReadBuf(unsigned short, unsigned char*) const
 .text._ZNK8SCServos12fflushRevBufEv
                0x08000e82       0x34 ./Core/Src/Devices/SCServos.o
                0x08000e82                SCServos::fflushRevBuf() const
 .text._ZN8SCServos12EnableTorqueEhhh
                0x08000eb6       0x9e ./Core/Src/Devices/SCServos.o
                0x08000eb6                SCServos::EnableTorque(unsigned char, unsigned char, unsigned char)
 .text._ZN8SCServos8WritePosEhiih
                0x08000f54       0xce ./Core/Src/Devices/SCServos.o
                0x08000f54                SCServos::WritePos(unsigned char, int, int, unsigned char)
 .text._ZN8SCServos7ReadPosEh
                0x08001022       0xa4 ./Core/Src/Devices/SCServos.o
                0x08001022                SCServos::ReadPos(unsigned char)
 .text._ZN8SCServos16WriteLimitTroqueEhih
                0x080010c6       0xae ./Core/Src/Devices/SCServos.o
                0x080010c6                SCServos::WriteLimitTroque(unsigned char, int, unsigned char)
 .text._Z41__static_initialization_and_destruction_0v
                0x08001174       0x14 ./Core/Src/Devices/SCServos.o
 .text._GLOBAL__sub_I__ZN7devices10scs_servos10ids_servosE
                0x08001188        0xa ./Core/Src/Devices/SCServos.o
 *fill*         0x08001192        0x2 
 .text.MX_GPIO_Init
                0x08001194       0x48 ./Core/Src/gpio.o
                0x08001194                MX_GPIO_Init
 .text.main     0x080011dc      0x13c ./Core/Src/main.o
                0x080011dc                main
 .text._Z18SystemClock_Configv
                0x08001318       0xaa ./Core/Src/main.o
                0x08001318                SystemClock_Config()
 .text.Error_Handler
                0x080013c2        0xc ./Core/Src/main.o
                0x080013c2                Error_Handler
 *fill*         0x080013ce        0x2 
 .text.HAL_MspInit
                0x080013d0       0x48 ./Core/Src/stm32g4xx_hal_msp.o
                0x080013d0                HAL_MspInit
 .text.NMI_Handler
                0x08001418        0x8 ./Core/Src/stm32g4xx_it.o
                0x08001418                NMI_Handler
 .text.HardFault_Handler
                0x08001420        0x8 ./Core/Src/stm32g4xx_it.o
                0x08001420                HardFault_Handler
 .text.MemManage_Handler
                0x08001428        0x8 ./Core/Src/stm32g4xx_it.o
                0x08001428                MemManage_Handler
 .text.BusFault_Handler
                0x08001430        0x8 ./Core/Src/stm32g4xx_it.o
                0x08001430                BusFault_Handler
 .text.UsageFault_Handler
                0x08001438        0x8 ./Core/Src/stm32g4xx_it.o
                0x08001438                UsageFault_Handler
 .text.SVC_Handler
                0x08001440        0xe ./Core/Src/stm32g4xx_it.o
                0x08001440                SVC_Handler
 .text.DebugMon_Handler
                0x0800144e        0xe ./Core/Src/stm32g4xx_it.o
                0x0800144e                DebugMon_Handler
 .text.PendSV_Handler
                0x0800145c        0xe ./Core/Src/stm32g4xx_it.o
                0x0800145c                PendSV_Handler
 .text.SysTick_Handler
                0x0800146a        0xc ./Core/Src/stm32g4xx_it.o
                0x0800146a                SysTick_Handler
 .text._read    0x08001476       0x3a ./Core/Src/syscalls.o
                0x08001476                _read
 .text._write   0x080014b0       0x38 ./Core/Src/syscalls.o
                0x080014b0                _write
 .text._close   0x080014e8       0x18 ./Core/Src/syscalls.o
                0x080014e8                _close
 .text._fstat   0x08001500       0x20 ./Core/Src/syscalls.o
                0x08001500                _fstat
 .text._isatty  0x08001520       0x16 ./Core/Src/syscalls.o
                0x08001520                _isatty
 .text._lseek   0x08001536       0x1a ./Core/Src/syscalls.o
                0x08001536                _lseek
 .text._sbrk    0x08001550       0x6c ./Core/Src/sysmem.o
                0x08001550                _sbrk
 .text.SystemInit
                0x080015bc       0x24 ./Core/Src/system_stm32g4xx.o
                0x080015bc                SystemInit
 .text.MX_USART1_UART_Init
                0x080015e0       0x9c ./Core/Src/usart.o
                0x080015e0                MX_USART1_UART_Init
 .text.HAL_UART_MspInit
                0x0800167c       0xb0 ./Core/Src/usart.o
                0x0800167c                HAL_UART_MspInit
 .text.Reset_Handler
                0x0800172c       0x50 ./Core/Startup/startup_stm32g431kbtx.o
                0x0800172c                Reset_Handler
 .text.Default_Handler
                0x0800177c        0x2 ./Core/Startup/startup_stm32g431kbtx.o
                0x0800177c                RTC_Alarm_IRQHandler
                0x0800177c                EXTI2_IRQHandler
                0x0800177c                TIM8_TRG_COM_IRQHandler
                0x0800177c                TIM8_CC_IRQHandler
                0x0800177c                TIM1_CC_IRQHandler
                0x0800177c                USB_HP_IRQHandler
                0x0800177c                CORDIC_IRQHandler
                0x0800177c                EXTI3_IRQHandler
                0x0800177c                I2C3_ER_IRQHandler
                0x0800177c                EXTI0_IRQHandler
                0x0800177c                I2C2_EV_IRQHandler
                0x0800177c                FPU_IRQHandler
                0x0800177c                FDCAN1_IT1_IRQHandler
                0x0800177c                TIM1_UP_TIM16_IRQHandler
                0x0800177c                ADC1_2_IRQHandler
                0x0800177c                SPI1_IRQHandler
                0x0800177c                TIM6_DAC_IRQHandler
                0x0800177c                TIM8_UP_IRQHandler
                0x0800177c                DMA2_Channel2_IRQHandler
                0x0800177c                DMA1_Channel4_IRQHandler
                0x0800177c                USART3_IRQHandler
                0x0800177c                TIM4_IRQHandler
                0x0800177c                DMA2_Channel1_IRQHandler
                0x0800177c                I2C1_EV_IRQHandler
                0x0800177c                DMA1_Channel6_IRQHandler
                0x0800177c                UART4_IRQHandler
                0x0800177c                DMA2_Channel4_IRQHandler
                0x0800177c                TIM3_IRQHandler
                0x0800177c                RCC_IRQHandler
                0x0800177c                DMA1_Channel1_IRQHandler
                0x0800177c                Default_Handler
                0x0800177c                RTC_TAMP_LSECSS_IRQHandler
                0x0800177c                FMAC_IRQHandler
                0x0800177c                EXTI15_10_IRQHandler
                0x0800177c                TIM7_IRQHandler
                0x0800177c                UCPD1_IRQHandler
                0x0800177c                I2C3_EV_IRQHandler
                0x0800177c                EXTI9_5_IRQHandler
                0x0800177c                RTC_WKUP_IRQHandler
                0x0800177c                PVD_PVM_IRQHandler
                0x0800177c                SPI2_IRQHandler
                0x0800177c                DMA2_Channel5_IRQHandler
                0x0800177c                CRS_IRQHandler
                0x0800177c                DMA1_Channel5_IRQHandler
                0x0800177c                USB_LP_IRQHandler
                0x0800177c                EXTI4_IRQHandler
                0x0800177c                RNG_IRQHandler
                0x0800177c                TIM1_TRG_COM_TIM17_IRQHandler
                0x0800177c                DMA1_Channel3_IRQHandler
                0x0800177c                WWDG_IRQHandler
                0x0800177c                LPUART1_IRQHandler
                0x0800177c                DMA2_Channel6_IRQHandler
                0x0800177c                FDCAN1_IT0_IRQHandler
                0x0800177c                TIM2_IRQHandler
                0x0800177c                COMP1_2_3_IRQHandler
                0x0800177c                EXTI1_IRQHandler
                0x0800177c                USART2_IRQHandler
                0x0800177c                I2C2_ER_IRQHandler
                0x0800177c                DMA1_Channel2_IRQHandler
                0x0800177c                TIM8_BRK_IRQHandler
                0x0800177c                FLASH_IRQHandler
                0x0800177c                USART1_IRQHandler
                0x0800177c                SPI3_IRQHandler
                0x0800177c                I2C1_ER_IRQHandler
                0x0800177c                LPTIM1_IRQHandler
                0x0800177c                DMAMUX_OVR_IRQHandler
                0x0800177c                USBWakeUp_IRQHandler
                0x0800177c                SAI1_IRQHandler
                0x0800177c                DMA2_Channel3_IRQHandler
                0x0800177c                COMP4_IRQHandler
                0x0800177c                TIM1_BRK_TIM15_IRQHandler
 *fill*         0x0800177e        0x2 
 .text.BSP_LED_Init
                0x08001780       0x6c ./Drivers/BSP/STM32G4xx_Nucleo/stm32g4xx_nucleo.o
                0x08001780                BSP_LED_Init
 .text.BSP_COM_Init
                0x080017ec       0x60 ./Drivers/BSP/STM32G4xx_Nucleo/stm32g4xx_nucleo.o
                0x080017ec                BSP_COM_Init
 .text.MX_LPUART1_Init
                0x0800184c       0x64 ./Drivers/BSP/STM32G4xx_Nucleo/stm32g4xx_nucleo.o
                0x0800184c                MX_LPUART1_Init
 .text.__io_putchar
                0x080018b0       0x38 ./Drivers/BSP/STM32G4xx_Nucleo/stm32g4xx_nucleo.o
                0x080018b0                __io_putchar
 .text.COM1_MspInit
                0x080018e8       0x98 ./Drivers/BSP/STM32G4xx_Nucleo/stm32g4xx_nucleo.o
 .text.HAL_Init
                0x08001980       0x30 ./Drivers/STM32G4xx_HAL_Driver/Src/stm32g4xx_hal.o
                0x08001980                HAL_Init
 .text.HAL_InitTick
                0x080019b0       0x74 ./Drivers/STM32G4xx_HAL_Driver/Src/stm32g4xx_hal.o
                0x080019b0                HAL_InitTick
 .text.HAL_IncTick
                0x08001a24       0x24 ./Drivers/STM32G4xx_HAL_Driver/Src/stm32g4xx_hal.o
                0x08001a24                HAL_IncTick
 .text.HAL_GetTick
                0x08001a48       0x18 ./Drivers/STM32G4xx_HAL_Driver/Src/stm32g4xx_hal.o
                0x08001a48                HAL_GetTick
 .text.HAL_Delay
                0x08001a60       0x44 ./Drivers/STM32G4xx_HAL_Driver/Src/stm32g4xx_hal.o
                0x08001a60                HAL_Delay
 .text.__NVIC_SetPriorityGrouping
                0x08001aa4       0x48 ./Drivers/STM32G4xx_HAL_Driver/Src/stm32g4xx_hal_cortex.o
 .text.__NVIC_GetPriorityGrouping
                0x08001aec       0x1c ./Drivers/STM32G4xx_HAL_Driver/Src/stm32g4xx_hal_cortex.o
 .text.__NVIC_SetPriority
                0x08001b08       0x54 ./Drivers/STM32G4xx_HAL_Driver/Src/stm32g4xx_hal_cortex.o
 .text.NVIC_EncodePriority
                0x08001b5c       0x66 ./Drivers/STM32G4xx_HAL_Driver/Src/stm32g4xx_hal_cortex.o
 *fill*         0x08001bc2        0x2 
 .text.SysTick_Config
                0x08001bc4       0x44 ./Drivers/STM32G4xx_HAL_Driver/Src/stm32g4xx_hal_cortex.o
 .text.HAL_NVIC_SetPriorityGrouping
                0x08001c08       0x16 ./Drivers/STM32G4xx_HAL_Driver/Src/stm32g4xx_hal_cortex.o
                0x08001c08                HAL_NVIC_SetPriorityGrouping
 .text.HAL_NVIC_SetPriority
                0x08001c1e       0x34 ./Drivers/STM32G4xx_HAL_Driver/Src/stm32g4xx_hal_cortex.o
                0x08001c1e                HAL_NVIC_SetPriority
 .text.HAL_SYSTICK_Config
                0x08001c52       0x18 ./Drivers/STM32G4xx_HAL_Driver/Src/stm32g4xx_hal_cortex.o
                0x08001c52                HAL_SYSTICK_Config
 *fill*         0x08001c6a        0x2 
 .text.HAL_GPIO_Init
                0x08001c6c      0x304 ./Drivers/STM32G4xx_HAL_Driver/Src/stm32g4xx_hal_gpio.o
                0x08001c6c                HAL_GPIO_Init
 .text.HAL_GPIO_WritePin
                0x08001f70       0x30 ./Drivers/STM32G4xx_HAL_Driver/Src/stm32g4xx_hal_gpio.o
                0x08001f70                HAL_GPIO_WritePin
 .text.HAL_PWREx_ControlVoltageScaling
                0x08001fa0      0x148 ./Drivers/STM32G4xx_HAL_Driver/Src/stm32g4xx_hal_pwr_ex.o
                0x08001fa0                HAL_PWREx_ControlVoltageScaling
 .text.HAL_PWREx_DisableUCPDDeadBattery
                0x080020e8       0x20 ./Drivers/STM32G4xx_HAL_Driver/Src/stm32g4xx_hal_pwr_ex.o
                0x080020e8                HAL_PWREx_DisableUCPDDeadBattery
 .text.HAL_RCC_OscConfig
                0x08002108      0x624 ./Drivers/STM32G4xx_HAL_Driver/Src/stm32g4xx_hal_rcc.o
                0x08002108                HAL_RCC_OscConfig
 .text.HAL_RCC_ClockConfig
                0x0800272c      0x278 ./Drivers/STM32G4xx_HAL_Driver/Src/stm32g4xx_hal_rcc.o
                0x0800272c                HAL_RCC_ClockConfig
 .text.HAL_RCC_GetSysClockFreq
                0x080029a4       0xc4 ./Drivers/STM32G4xx_HAL_Driver/Src/stm32g4xx_hal_rcc.o
                0x080029a4                HAL_RCC_GetSysClockFreq
 .text.HAL_RCC_GetHCLKFreq
                0x08002a68       0x18 ./Drivers/STM32G4xx_HAL_Driver/Src/stm32g4xx_hal_rcc.o
                0x08002a68                HAL_RCC_GetHCLKFreq
 .text.HAL_RCC_GetPCLK1Freq
                0x08002a80       0x2c ./Drivers/STM32G4xx_HAL_Driver/Src/stm32g4xx_hal_rcc.o
                0x08002a80                HAL_RCC_GetPCLK1Freq
 .text.HAL_RCC_GetPCLK2Freq
                0x08002aac       0x2c ./Drivers/STM32G4xx_HAL_Driver/Src/stm32g4xx_hal_rcc.o
                0x08002aac                HAL_RCC_GetPCLK2Freq
 .text.RCC_GetSysClockFreqFromPLLSource
                0x08002ad8       0x8c ./Drivers/STM32G4xx_HAL_Driver/Src/stm32g4xx_hal_rcc.o
 .text.HAL_RCCEx_PeriphCLKConfig
                0x08002b64      0x3e0 ./Drivers/STM32G4xx_HAL_Driver/Src/stm32g4xx_hal_rcc_ex.o
                0x08002b64                HAL_RCCEx_PeriphCLKConfig
 .text.HAL_UART_Init
                0x08002f44       0xa0 ./Drivers/STM32G4xx_HAL_Driver/Src/stm32g4xx_hal_uart.o
                0x08002f44                HAL_UART_Init
 .text.HAL_HalfDuplex_Init
                0x08002fe4       0xb0 ./Drivers/STM32G4xx_HAL_Driver/Src/stm32g4xx_hal_uart.o
                0x08002fe4                HAL_HalfDuplex_Init
 .text.HAL_UART_Transmit
                0x08003094      0x11c ./Drivers/STM32G4xx_HAL_Driver/Src/stm32g4xx_hal_uart.o
                0x08003094                HAL_UART_Transmit
 .text.HAL_UART_Receive
                0x080031b0      0x190 ./Drivers/STM32G4xx_HAL_Driver/Src/stm32g4xx_hal_uart.o
                0x080031b0                HAL_UART_Receive
 .text.UART_SetConfig
                0x08003340      0x598 ./Drivers/STM32G4xx_HAL_Driver/Src/stm32g4xx_hal_uart.o
                0x08003340                UART_SetConfig
 .text.UART_AdvFeatureConfig
                0x080038d8      0x144 ./Drivers/STM32G4xx_HAL_Driver/Src/stm32g4xx_hal_uart.o
                0x080038d8                UART_AdvFeatureConfig
 .text.UART_CheckIdleState
                0x08003a1c      0x154 ./Drivers/STM32G4xx_HAL_Driver/Src/stm32g4xx_hal_uart.o
                0x08003a1c                UART_CheckIdleState
 .text.UART_WaitOnFlagUntilTimeout
                0x08003b70       0xda ./Drivers/STM32G4xx_HAL_Driver/Src/stm32g4xx_hal_uart.o
                0x08003b70                UART_WaitOnFlagUntilTimeout
 .text.UART_EndRxTransfer
                0x08003c4a       0xcc ./Drivers/STM32G4xx_HAL_Driver/Src/stm32g4xx_hal_uart.o
 .text.HAL_UARTEx_DisableFifoMode
                0x08003d16       0x72 ./Drivers/STM32G4xx_HAL_Driver/Src/stm32g4xx_hal_uart_ex.o
                0x08003d16                HAL_UARTEx_DisableFifoMode
 .text.HAL_UARTEx_SetTxFifoThreshold
                0x08003d88       0x7c ./Drivers/STM32G4xx_HAL_Driver/Src/stm32g4xx_hal_uart_ex.o
                0x08003d88                HAL_UARTEx_SetTxFifoThreshold
 .text.HAL_UARTEx_SetRxFifoThreshold
                0x08003e04       0x7c ./Drivers/STM32G4xx_HAL_Driver/Src/stm32g4xx_hal_uart_ex.o
                0x08003e04                HAL_UARTEx_SetRxFifoThreshold
 .text.UARTEx_SetNbDataToProcess
                0x08003e80       0x9c ./Drivers/STM32G4xx_HAL_Driver/Src/stm32g4xx_hal_uart_ex.o
 .text.std      0x08003f1c       0x6c /home/etienne/st/stm32cubeide_1.18.1/plugins/com.st.stm32cube.ide.mcu.externaltools.gnu-tools-for-stm32.13.3.rel1.linux64_1.0.0.202410170706/tools/bin/../lib/gcc/arm-none-eabi/13.3.1/../../../../arm-none-eabi/lib/thumb/v7e-m+fp/hard/libc_nano.a(libc_a-findfp.o)
 .text.stdio_exit_handler
                0x08003f88       0x18 /home/etienne/st/stm32cubeide_1.18.1/plugins/com.st.stm32cube.ide.mcu.externaltools.gnu-tools-for-stm32.13.3.rel1.linux64_1.0.0.202410170706/tools/bin/../lib/gcc/arm-none-eabi/13.3.1/../../../../arm-none-eabi/lib/thumb/v7e-m+fp/hard/libc_nano.a(libc_a-findfp.o)
 .text.cleanup_stdio
                0x08003fa0       0x40 /home/etienne/st/stm32cubeide_1.18.1/plugins/com.st.stm32cube.ide.mcu.externaltools.gnu-tools-for-stm32.13.3.rel1.linux64_1.0.0.202410170706/tools/bin/../lib/gcc/arm-none-eabi/13.3.1/../../../../arm-none-eabi/lib/thumb/v7e-m+fp/hard/libc_nano.a(libc_a-findfp.o)
 .text.global_stdio_init.part.0
                0x08003fe0       0x3c /home/etienne/st/stm32cubeide_1.18.1/plugins/com.st.stm32cube.ide.mcu.externaltools.gnu-tools-for-stm32.13.3.rel1.linux64_1.0.0.202410170706/tools/bin/../lib/gcc/arm-none-eabi/13.3.1/../../../../arm-none-eabi/lib/thumb/v7e-m+fp/hard/libc_nano.a(libc_a-findfp.o)
 .text.__sfp_lock_acquire
                0x0800401c        0xc /home/etienne/st/stm32cubeide_1.18.1/plugins/com.st.stm32cube.ide.mcu.externaltools.gnu-tools-for-stm32.13.3.rel1.linux64_1.0.0.202410170706/tools/bin/../lib/gcc/arm-none-eabi/13.3.1/../../../../arm-none-eabi/lib/thumb/v7e-m+fp/hard/libc_nano.a(libc_a-findfp.o)
                0x0800401c                __sfp_lock_acquire
 .text.__sfp_lock_release
                0x08004028        0xc /home/etienne/st/stm32cubeide_1.18.1/plugins/com.st.stm32cube.ide.mcu.externaltools.gnu-tools-for-stm32.13.3.rel1.linux64_1.0.0.202410170706/tools/bin/../lib/gcc/arm-none-eabi/13.3.1/../../../../arm-none-eabi/lib/thumb/v7e-m+fp/hard/libc_nano.a(libc_a-findfp.o)
                0x08004028                __sfp_lock_release
 .text.__sinit  0x08004034       0x30 /home/etienne/st/stm32cubeide_1.18.1/plugins/com.st.stm32cube.ide.mcu.externaltools.gnu-tools-for-stm32.13.3.rel1.linux64_1.0.0.202410170706/tools/bin/../lib/gcc/arm-none-eabi/13.3.1/../../../../arm-none-eabi/lib/thumb/v7e-m+fp/hard/libc_nano.a(libc_a-findfp.o)
                0x08004034                __sinit
 .text._fwalk_sglue
                0x08004064       0x3c /home/etienne/st/stm32cubeide_1.18.1/plugins/com.st.stm32cube.ide.mcu.externaltools.gnu-tools-for-stm32.13.3.rel1.linux64_1.0.0.202410170706/tools/bin/../lib/gcc/arm-none-eabi/13.3.1/../../../../arm-none-eabi/lib/thumb/v7e-m+fp/hard/libc_nano.a(libc_a-fwalk.o)
                0x08004064                _fwalk_sglue
 .text.printf   0x080040a0       0x24 /home/etienne/st/stm32cubeide_1.18.1/plugins/com.st.stm32cube.ide.mcu.externaltools.gnu-tools-for-stm32.13.3.rel1.linux64_1.0.0.202410170706/tools/bin/../lib/gcc/arm-none-eabi/13.3.1/../../../../arm-none-eabi/lib/thumb/v7e-m+fp/hard/libc_nano.a(libc_a-printf.o)
                0x080040a0                printf
                0x080040a0                iprintf
 .text.__sread  0x080040c4       0x22 /home/etienne/st/stm32cubeide_1.18.1/plugins/com.st.stm32cube.ide.mcu.externaltools.gnu-tools-for-stm32.13.3.rel1.linux64_1.0.0.202410170706/tools/bin/../lib/gcc/arm-none-eabi/13.3.1/../../../../arm-none-eabi/lib/thumb/v7e-m+fp/hard/libc_nano.a(libc_a-stdio.o)
                0x080040c4                __sread
 .text.__swrite
                0x080040e6       0x38 /home/etienne/st/stm32cubeide_1.18.1/plugins/com.st.stm32cube.ide.mcu.externaltools.gnu-tools-for-stm32.13.3.rel1.linux64_1.0.0.202410170706/tools/bin/../lib/gcc/arm-none-eabi/13.3.1/../../../../arm-none-eabi/lib/thumb/v7e-m+fp/hard/libc_nano.a(libc_a-stdio.o)
                0x080040e6                __swrite
 .text.__sseek  0x0800411e       0x24 /home/etienne/st/stm32cubeide_1.18.1/plugins/com.st.stm32cube.ide.mcu.externaltools.gnu-tools-for-stm32.13.3.rel1.linux64_1.0.0.202410170706/tools/bin/../lib/gcc/arm-none-eabi/13.3.1/../../../../arm-none-eabi/lib/thumb/v7e-m+fp/hard/libc_nano.a(libc_a-stdio.o)
                0x0800411e                __sseek
 .text.__sclose
                0x08004142        0x8 /home/etienne/st/stm32cubeide_1.18.1/plugins/com.st.stm32cube.ide.mcu.externaltools.gnu-tools-for-stm32.13.3.rel1.linux64_1.0.0.202410170706/tools/bin/../lib/gcc/arm-none-eabi/13.3.1/../../../../arm-none-eabi/lib/thumb/v7e-m+fp/hard/libc_nano.a(libc_a-stdio.o)
                0x08004142                __sclose
 .text.memset   0x0800414a       0x10 /home/etienne/st/stm32cubeide_1.18.1/plugins/com.st.stm32cube.ide.mcu.externaltools.gnu-tools-for-stm32.13.3.rel1.linux64_1.0.0.202410170706/tools/bin/../lib/gcc/arm-none-eabi/13.3.1/../../../../arm-none-eabi/lib/thumb/v7e-m+fp/hard/libc_nano.a(libc_a-memset.o)
                0x0800414a                memset
 *fill*         0x0800415a        0x2 
 .text._close_r
                0x0800415c       0x20 /home/etienne/st/stm32cubeide_1.18.1/plugins/com.st.stm32cube.ide.mcu.externaltools.gnu-tools-for-stm32.13.3.rel1.linux64_1.0.0.202410170706/tools/bin/../lib/gcc/arm-none-eabi/13.3.1/../../../../arm-none-eabi/lib/thumb/v7e-m+fp/hard/libc_nano.a(libc_a-closer.o)
                0x0800415c                _close_r
 .text._lseek_r
                0x0800417c       0x24 /home/etienne/st/stm32cubeide_1.18.1/plugins/com.st.stm32cube.ide.mcu.externaltools.gnu-tools-for-stm32.13.3.rel1.linux64_1.0.0.202410170706/tools/bin/../lib/gcc/arm-none-eabi/13.3.1/../../../../arm-none-eabi/lib/thumb/v7e-m+fp/hard/libc_nano.a(libc_a-lseekr.o)
                0x0800417c                _lseek_r
 .text._read_r  0x080041a0       0x24 /home/etienne/st/stm32cubeide_1.18.1/plugins/com.st.stm32cube.ide.mcu.externaltools.gnu-tools-for-stm32.13.3.rel1.linux64_1.0.0.202410170706/tools/bin/../lib/gcc/arm-none-eabi/13.3.1/../../../../arm-none-eabi/lib/thumb/v7e-m+fp/hard/libc_nano.a(libc_a-readr.o)
                0x080041a0                _read_r
 .text._write_r
                0x080041c4       0x24 /home/etienne/st/stm32cubeide_1.18.1/plugins/com.st.stm32cube.ide.mcu.externaltools.gnu-tools-for-stm32.13.3.rel1.linux64_1.0.0.202410170706/tools/bin/../lib/gcc/arm-none-eabi/13.3.1/../../../../arm-none-eabi/lib/thumb/v7e-m+fp/hard/libc_nano.a(libc_a-writer.o)
                0x080041c4                _write_r
 .text.__errno  0x080041e8        0xc /home/etienne/st/stm32cubeide_1.18.1/plugins/com.st.stm32cube.ide.mcu.externaltools.gnu-tools-for-stm32.13.3.rel1.linux64_1.0.0.202410170706/tools/bin/../lib/gcc/arm-none-eabi/13.3.1/../../../../arm-none-eabi/lib/thumb/v7e-m+fp/hard/libc_nano.a(libc_a-errno.o)
                0x080041e8                __errno
 .text.__libc_init_array
                0x080041f4       0x48 /home/etienne/st/stm32cubeide_1.18.1/plugins/com.st.stm32cube.ide.mcu.externaltools.gnu-tools-for-stm32.13.3.rel1.linux64_1.0.0.202410170706/tools/bin/../lib/gcc/arm-none-eabi/13.3.1/../../../../arm-none-eabi/lib/thumb/v7e-m+fp/hard/libc_nano.a(libc_a-init.o)
                0x080041f4                __libc_init_array
 .text.__retarget_lock_init_recursive
                0x0800423c        0x2 /home/etienne/st/stm32cubeide_1.18.1/plugins/com.st.stm32cube.ide.mcu.externaltools.gnu-tools-for-stm32.13.3.rel1.linux64_1.0.0.202410170706/tools/bin/../lib/gcc/arm-none-eabi/13.3.1/../../../../arm-none-eabi/lib/thumb/v7e-m+fp/hard/libc_nano.a(libc_a-lock.o)
                0x0800423c                __retarget_lock_init_recursive
 .text.__retarget_lock_acquire_recursive
                0x0800423e        0x2 /home/etienne/st/stm32cubeide_1.18.1/plugins/com.st.stm32cube.ide.mcu.externaltools.gnu-tools-for-stm32.13.3.rel1.linux64_1.0.0.202410170706/tools/bin/../lib/gcc/arm-none-eabi/13.3.1/../../../../arm-none-eabi/lib/thumb/v7e-m+fp/hard/libc_nano.a(libc_a-lock.o)
                0x0800423e                __retarget_lock_acquire_recursive
 .text.__retarget_lock_release_recursive
                0x08004240        0x2 /home/etienne/st/stm32cubeide_1.18.1/plugins/com.st.stm32cube.ide.mcu.externaltools.gnu-tools-for-stm32.13.3.rel1.linux64_1.0.0.202410170706/tools/bin/../lib/gcc/arm-none-eabi/13.3.1/../../../../arm-none-eabi/lib/thumb/v7e-m+fp/hard/libc_nano.a(libc_a-lock.o)
                0x08004240                __retarget_lock_release_recursive
 *fill*         0x08004242        0x2 
 .text._free_r  0x08004244       0x94 /home/etienne/st/stm32cubeide_1.18.1/plugins/com.st.stm32cube.ide.mcu.externaltools.gnu-tools-for-stm32.13.3.rel1.linux64_1.0.0.202410170706/tools/bin/../lib/gcc/arm-none-eabi/13.3.1/../../../../arm-none-eabi/lib/thumb/v7e-m+fp/hard/libc_nano.a(libc_a-freer.o)
                0x08004244                _free_r
 .text.sbrk_aligned
                0x080042d8       0x44 /home/etienne/st/stm32cubeide_1.18.1/plugins/com.st.stm32cube.ide.mcu.externaltools.gnu-tools-for-stm32.13.3.rel1.linux64_1.0.0.202410170706/tools/bin/../lib/gcc/arm-none-eabi/13.3.1/../../../../arm-none-eabi/lib/thumb/v7e-m+fp/hard/libc_nano.a(libc_a-mallocr.o)
 .text._malloc_r
                0x0800431c      0x100 /home/etienne/st/stm32cubeide_1.18.1/plugins/com.st.stm32cube.ide.mcu.externaltools.gnu-tools-for-stm32.13.3.rel1.linux64_1.0.0.202410170706/tools/bin/../lib/gcc/arm-none-eabi/13.3.1/../../../../arm-none-eabi/lib/thumb/v7e-m+fp/hard/libc_nano.a(libc_a-mallocr.o)
                0x0800431c                _malloc_r
 .text.__malloc_lock
                0x0800441c        0xc /home/etienne/st/stm32cubeide_1.18.1/plugins/com.st.stm32cube.ide.mcu.externaltools.gnu-tools-for-stm32.13.3.rel1.linux64_1.0.0.202410170706/tools/bin/../lib/gcc/arm-none-eabi/13.3.1/../../../../arm-none-eabi/lib/thumb/v7e-m+fp/hard/libc_nano.a(libc_a-mlock.o)
                0x0800441c                __malloc_lock
 .text.__malloc_unlock
                0x08004428        0xc /home/etienne/st/stm32cubeide_1.18.1/plugins/com.st.stm32cube.ide.mcu.externaltools.gnu-tools-for-stm32.13.3.rel1.linux64_1.0.0.202410170706/tools/bin/../lib/gcc/arm-none-eabi/13.3.1/../../../../arm-none-eabi/lib/thumb/v7e-m+fp/hard/libc_nano.a(libc_a-mlock.o)
                0x08004428                __malloc_unlock
 .text.__sfputc_r
                0x08004434       0x2e /home/etienne/st/stm32cubeide_1.18.1/plugins/com.st.stm32cube.ide.mcu.externaltools.gnu-tools-for-stm32.13.3.rel1.linux64_1.0.0.202410170706/tools/bin/../lib/gcc/arm-none-eabi/13.3.1/../../../../arm-none-eabi/lib/thumb/v7e-m+fp/hard/libc_nano.a(libc_a-nano-vfprintf.o)
 .text.__sfputs_r
                0x08004462       0x24 /home/etienne/st/stm32cubeide_1.18.1/plugins/com.st.stm32cube.ide.mcu.externaltools.gnu-tools-for-stm32.13.3.rel1.linux64_1.0.0.202410170706/tools/bin/../lib/gcc/arm-none-eabi/13.3.1/../../../../arm-none-eabi/lib/thumb/v7e-m+fp/hard/libc_nano.a(libc_a-nano-vfprintf.o)
                0x08004462                __sfputs_r
 *fill*         0x08004486        0x2 
 .text._vfprintf_r
                0x08004488      0x230 /home/etienne/st/stm32cubeide_1.18.1/plugins/com.st.stm32cube.ide.mcu.externaltools.gnu-tools-for-stm32.13.3.rel1.linux64_1.0.0.202410170706/tools/bin/../lib/gcc/arm-none-eabi/13.3.1/../../../../arm-none-eabi/lib/thumb/v7e-m+fp/hard/libc_nano.a(libc_a-nano-vfprintf.o)
                0x08004488                _vfiprintf_r
                0x08004488                _vfprintf_r
 .text._printf_common
                0x080046b8       0xda /home/etienne/st/stm32cubeide_1.18.1/plugins/com.st.stm32cube.ide.mcu.externaltools.gnu-tools-for-stm32.13.3.rel1.linux64_1.0.0.202410170706/tools/bin/../lib/gcc/arm-none-eabi/13.3.1/../../../../arm-none-eabi/lib/thumb/v7e-m+fp/hard/libc_nano.a(libc_a-nano-vfprintf_i.o)
                0x080046b8                _printf_common
 *fill*         0x08004792        0x2 
 .text._printf_i
                0x08004794      0x23c /home/etienne/st/stm32cubeide_1.18.1/plugins/com.st.stm32cube.ide.mcu.externaltools.gnu-tools-for-stm32.13.3.rel1.linux64_1.0.0.202410170706/tools/bin/../lib/gcc/arm-none-eabi/13.3.1/../../../../arm-none-eabi/lib/thumb/v7e-m+fp/hard/libc_nano.a(libc_a-nano-vfprintf_i.o)
                0x08004794                _printf_i
 .text.__sflush_r
                0x080049d0      0x108 /home/etienne/st/stm32cubeide_1.18.1/plugins/com.st.stm32cube.ide.mcu.externaltools.gnu-tools-for-stm32.13.3.rel1.linux64_1.0.0.202410170706/tools/bin/../lib/gcc/arm-none-eabi/13.3.1/../../../../arm-none-eabi/lib/thumb/v7e-m+fp/hard/libc_nano.a(libc_a-fflush.o)
                0x080049d0                __sflush_r
 .text._fflush_r
                0x08004ad8       0x50 /home/etienne/st/stm32cubeide_1.18.1/plugins/com.st.stm32cube.ide.mcu.externaltools.gnu-tools-for-stm32.13.3.rel1.linux64_1.0.0.202410170706/tools/bin/../lib/gcc/arm-none-eabi/13.3.1/../../../../arm-none-eabi/lib/thumb/v7e-m+fp/hard/libc_nano.a(libc_a-fflush.o)
                0x08004ad8                _fflush_r
 .text.__swbuf_r
                0x08004b28       0x7c /home/etienne/st/stm32cubeide_1.18.1/plugins/com.st.stm32cube.ide.mcu.externaltools.gnu-tools-for-stm32.13.3.rel1.linux64_1.0.0.202410170706/tools/bin/../lib/gcc/arm-none-eabi/13.3.1/../../../../arm-none-eabi/lib/thumb/v7e-m+fp/hard/libc_nano.a(libc_a-wbuf.o)
                0x08004b28                __swbuf_r
 .text.__swsetup_r
                0x08004ba4       0xac /home/etienne/st/stm32cubeide_1.18.1/plugins/com.st.stm32cube.ide.mcu.externaltools.gnu-tools-for-stm32.13.3.rel1.linux64_1.0.0.202410170706/tools/bin/../lib/gcc/arm-none-eabi/13.3.1/../../../../arm-none-eabi/lib/thumb/v7e-m+fp/hard/libc_nano.a(libc_a-wsetup.o)
                0x08004ba4                __swsetup_r
 .text._sbrk_r  0x08004c50       0x20 /home/etienne/st/stm32cubeide_1.18.1/plugins/com.st.stm32cube.ide.mcu.externaltools.gnu-tools-for-stm32.13.3.rel1.linux64_1.0.0.202410170706/tools/bin/../lib/gcc/arm-none-eabi/13.3.1/../../../../arm-none-eabi/lib/thumb/v7e-m+fp/hard/libc_nano.a(libc_a-sbrkr.o)
                0x08004c50                _sbrk_r
 .text.__swhatbuf_r
                0x08004c70       0x4c /home/etienne/st/stm32cubeide_1.18.1/plugins/com.st.stm32cube.ide.mcu.externaltools.gnu-tools-for-stm32.13.3.rel1.linux64_1.0.0.202410170706/tools/bin/../lib/gcc/arm-none-eabi/13.3.1/../../../../arm-none-eabi/lib/thumb/v7e-m+fp/hard/libc_nano.a(libc_a-makebuf.o)
                0x08004c70                __swhatbuf_r
 .text.__smakebuf_r
                0x08004cbc       0x78 /home/etienne/st/stm32cubeide_1.18.1/plugins/com.st.stm32cube.ide.mcu.externaltools.gnu-tools-for-stm32.13.3.rel1.linux64_1.0.0.202410170706/tools/bin/../lib/gcc/arm-none-eabi/13.3.1/../../../../arm-none-eabi/lib/thumb/v7e-m+fp/hard/libc_nano.a(libc_a-makebuf.o)
                0x08004cbc                __smakebuf_r
 .text._fstat_r
                0x08004d34       0x24 /home/etienne/st/stm32cubeide_1.18.1/plugins/com.st.stm32cube.ide.mcu.externaltools.gnu-tools-for-stm32.13.3.rel1.linux64_1.0.0.202410170706/tools/bin/../lib/gcc/arm-none-eabi/13.3.1/../../../../arm-none-eabi/lib/thumb/v7e-m+fp/hard/libc_nano.a(libc_a-fstatr.o)
                0x08004d34                _fstat_r
 .text._isatty_r
                0x08004d58       0x20 /home/etienne/st/stm32cubeide_1.18.1/plugins/com.st.stm32cube.ide.mcu.externaltools.gnu-tools-for-stm32.13.3.rel1.linux64_1.0.0.202410170706/tools/bin/../lib/gcc/arm-none-eabi/13.3.1/../../../../arm-none-eabi/lib/thumb/v7e-m+fp/hard/libc_nano.a(libc_a-isattyr.o)
                0x08004d58                _isatty_r
 *(.glue_7)
 .glue_7        0x08004d78        0x0 linker stubs
 *(.glue_7t)
 .glue_7t       0x08004d78        0x0 linker stubs
 *(.eh_frame)
 .eh_frame      0x08004d78        0x0 /home/etienne/st/stm32cubeide_1.18.1/plugins/com.st.stm32cube.ide.mcu.externaltools.gnu-tools-for-stm32.13.3.rel1.linux64_1.0.0.202410170706/tools/bin/../lib/gcc/arm-none-eabi/13.3.1/thumb/v7e-m+fp/hard/crtbegin.o
 *(.init)
 .init          0x08004d78        0x4 /home/etienne/st/stm32cubeide_1.18.1/plugins/com.st.stm32cube.ide.mcu.externaltools.gnu-tools-for-stm32.13.3.rel1.linux64_1.0.0.202410170706/tools/bin/../lib/gcc/arm-none-eabi/13.3.1/thumb/v7e-m+fp/hard/crti.o
                0x08004d78                _init
 .init          0x08004d7c        0x8 /home/etienne/st/stm32cubeide_1.18.1/plugins/com.st.stm32cube.ide.mcu.externaltools.gnu-tools-for-stm32.13.3.rel1.linux64_1.0.0.202410170706/tools/bin/../lib/gcc/arm-none-eabi/13.3.1/thumb/v7e-m+fp/hard/crtn.o
 *(.fini)
 .fini          0x08004d84        0x4 /home/etienne/st/stm32cubeide_1.18.1/plugins/com.st.stm32cube.ide.mcu.externaltools.gnu-tools-for-stm32.13.3.rel1.linux64_1.0.0.202410170706/tools/bin/../lib/gcc/arm-none-eabi/13.3.1/thumb/v7e-m+fp/hard/crti.o
                0x08004d84                _fini
 .fini          0x08004d88        0x8 /home/etienne/st/stm32cubeide_1.18.1/plugins/com.st.stm32cube.ide.mcu.externaltools.gnu-tools-for-stm32.13.3.rel1.linux64_1.0.0.202410170706/tools/bin/../lib/gcc/arm-none-eabi/13.3.1/thumb/v7e-m+fp/hard/crtn.o
                0x08004d90                        . = ALIGN (0x4)
                0x08004d90                        _etext = .

.vfp11_veneer   0x08004d90        0x0
 .vfp11_veneer  0x08004d90        0x0 linker stubs

.v4_bx          0x08004d90        0x0
 .v4_bx         0x08004d90        0x0 linker stubs

.iplt           0x08004d90        0x0
 .iplt          0x08004d90        0x0 /home/etienne/st/stm32cubeide_1.18.1/plugins/com.st.stm32cube.ide.mcu.externaltools.gnu-tools-for-stm32.13.3.rel1.linux64_1.0.0.202410170706/tools/bin/../lib/gcc/arm-none-eabi/13.3.1/thumb/v7e-m+fp/hard/crtbegin.o

.rodata         0x08004d90      0x144
                0x08004d90                        . = ALIGN (0x4)
 *(.rodata)
 .rodata        0x08004d90       0x95 ./Core/Src/Devices/SCServos.o
 *fill*         0x08004e25        0x3 
 .rodata        0x08004e28       0x37 ./Core/Src/main.o
 *(.rodata*)
 *fill*         0x08004e5f        0x1 
 .rodata.AHBPrescTable
                0x08004e60       0x10 ./Core/Src/system_stm32g4xx.o
                0x08004e60                AHBPrescTable
 .rodata.APBPrescTable
                0x08004e70        0x8 ./Core/Src/system_stm32g4xx.o
                0x08004e70                APBPrescTable
 .rodata.UARTPrescTable
                0x08004e78       0x18 ./Drivers/STM32G4xx_HAL_Driver/Src/stm32g4xx_hal_uart.o
                0x08004e78                UARTPrescTable
 .rodata.numerator.1
                0x08004e90        0x8 ./Drivers/STM32G4xx_HAL_Driver/Src/stm32g4xx_hal_uart_ex.o
 .rodata.denominator.0
                0x08004e98        0x8 ./Drivers/STM32G4xx_HAL_Driver/Src/stm32g4xx_hal_uart_ex.o
 .rodata._vfprintf_r.str1.1
                0x08004ea0       0x33 /home/etienne/st/stm32cubeide_1.18.1/plugins/com.st.stm32cube.ide.mcu.externaltools.gnu-tools-for-stm32.13.3.rel1.linux64_1.0.0.202410170706/tools/bin/../lib/gcc/arm-none-eabi/13.3.1/../../../../arm-none-eabi/lib/thumb/v7e-m+fp/hard/libc_nano.a(libc_a-nano-vfprintf.o)
                                 0x11 (size before relaxing)
 .rodata._printf_i.str1.1
                0x08004ed3       0x22 /home/etienne/st/stm32cubeide_1.18.1/plugins/com.st.stm32cube.ide.mcu.externaltools.gnu-tools-for-stm32.13.3.rel1.linux64_1.0.0.202410170706/tools/bin/../lib/gcc/arm-none-eabi/13.3.1/../../../../arm-none-eabi/lib/thumb/v7e-m+fp/hard/libc_nano.a(libc_a-nano-vfprintf_i.o)
                0x08004ef8                        . = ALIGN (0x4)
 *fill*         0x08004ed3        0x1 

.ARM.extab      0x08004ed4        0x0
                0x08004ed4                        . = ALIGN (0x4)
 *(.ARM.extab* .gnu.linkonce.armextab.*)
                0x08004ed4                        . = ALIGN (0x4)

.ARM            0x08004ed4        0x8
                0x08004ed4                        . = ALIGN (0x4)
                0x08004ed4                        __exidx_start = .
 *(.ARM.exidx*)
 .ARM.exidx     0x08004ed4        0x8 /home/etienne/st/stm32cubeide_1.18.1/plugins/com.st.stm32cube.ide.mcu.externaltools.gnu-tools-for-stm32.13.3.rel1.linux64_1.0.0.202410170706/tools/bin/../lib/gcc/arm-none-eabi/13.3.1/../../../../arm-none-eabi/lib/thumb/v7e-m+fp/hard/libc_nano.a(libc_a-memchr.o)
 .ARM.exidx     0x08004edc        0x0 /home/etienne/st/stm32cubeide_1.18.1/plugins/com.st.stm32cube.ide.mcu.externaltools.gnu-tools-for-stm32.13.3.rel1.linux64_1.0.0.202410170706/tools/bin/../lib/gcc/arm-none-eabi/13.3.1/thumb/v7e-m+fp/hard/libgcc.a(_udivmoddi4.o)
                                  0x8 (size before relaxing)
                0x08004edc                        __exidx_end = .
                0x08004edc                        . = ALIGN (0x4)

.preinit_array  0x08004edc        0x0
                0x08004edc                        . = ALIGN (0x4)
                0x08004edc                        PROVIDE (__preinit_array_start = .)
 *(.preinit_array*)
                0x08004edc                        PROVIDE (__preinit_array_end = .)
                0x08004edc                        . = ALIGN (0x4)

.init_array     0x08004edc        0x8
                0x08004edc                        . = ALIGN (0x4)
                0x08004edc                        PROVIDE (__init_array_start = .)
 *(SORT_BY_NAME(.init_array.*))
 *(.init_array*)
 .init_array    0x08004edc        0x4 /home/etienne/st/stm32cubeide_1.18.1/plugins/com.st.stm32cube.ide.mcu.externaltools.gnu-tools-for-stm32.13.3.rel1.linux64_1.0.0.202410170706/tools/bin/../lib/gcc/arm-none-eabi/13.3.1/thumb/v7e-m+fp/hard/crtbegin.o
 .init_array    0x08004ee0        0x4 ./Core/Src/Devices/SCServos.o
                0x08004ee4                        PROVIDE (__init_array_end = .)
                0x08004ee4                        . = ALIGN (0x4)

.fini_array     0x08004ee4        0x4
                0x08004ee4                        . = ALIGN (0x4)
                [!provide]                        PROVIDE (__fini_array_start = .)
 *(SORT_BY_NAME(.fini_array.*))
 *(.fini_array*)
 .fini_array    0x08004ee4        0x4 /home/etienne/st/stm32cubeide_1.18.1/plugins/com.st.stm32cube.ide.mcu.externaltools.gnu-tools-for-stm32.13.3.rel1.linux64_1.0.0.202410170706/tools/bin/../lib/gcc/arm-none-eabi/13.3.1/thumb/v7e-m+fp/hard/crtbegin.o
                [!provide]                        PROVIDE (__fini_array_end = .)
                0x08004ee8                        . = ALIGN (0x4)
                0x08004ee8                        _sidata = LOADADDR (.data)

.rel.dyn        0x08004ee8        0x0
 .rel.iplt      0x08004ee8        0x0 /home/etienne/st/stm32cubeide_1.18.1/plugins/com.st.stm32cube.ide.mcu.externaltools.gnu-tools-for-stm32.13.3.rel1.linux64_1.0.0.202410170706/tools/bin/../lib/gcc/arm-none-eabi/13.3.1/thumb/v7e-m+fp/hard/crtbegin.o

.data           0x20000000       0x74 load address 0x08004ee8
                0x20000000                        . = ALIGN (0x4)
                0x20000000                        _sdata = .
 *(.data)
 *(.data*)
 .data._ZN7devices10scs_servos10ids_servosE
                0x20000000        0x1 ./Core/Src/Devices/SCServos.o
                0x20000000                devices::scs_servos::ids_servos
 *fill*         0x20000001        0x3 
 .data.SystemCoreClock
                0x20000004        0x4 ./Core/Src/system_stm32g4xx.o
                0x20000004                SystemCoreClock
 .data.LED_PORT
                0x20000008        0x4 ./Drivers/BSP/STM32G4xx_Nucleo/stm32g4xx_nucleo.o
 .data.COM_USART
                0x2000000c        0x4 ./Drivers/BSP/STM32G4xx_Nucleo/stm32g4xx_nucleo.o
 .data.uwTickPrio
                0x20000010        0x4 ./Drivers/STM32G4xx_HAL_Driver/Src/stm32g4xx_hal.o
                0x20000010                uwTickPrio
 .data.uwTickFreq
                0x20000014        0x4 ./Drivers/STM32G4xx_HAL_Driver/Src/stm32g4xx_hal.o
                0x20000014                uwTickFreq
 .data.__sglue  0x20000018        0xc /home/etienne/st/stm32cubeide_1.18.1/plugins/com.st.stm32cube.ide.mcu.externaltools.gnu-tools-for-stm32.13.3.rel1.linux64_1.0.0.202410170706/tools/bin/../lib/gcc/arm-none-eabi/13.3.1/../../../../arm-none-eabi/lib/thumb/v7e-m+fp/hard/libc_nano.a(libc_a-findfp.o)
                0x20000018                __sglue
 .data._impure_ptr
                0x20000024        0x4 /home/etienne/st/stm32cubeide_1.18.1/plugins/com.st.stm32cube.ide.mcu.externaltools.gnu-tools-for-stm32.13.3.rel1.linux64_1.0.0.202410170706/tools/bin/../lib/gcc/arm-none-eabi/13.3.1/../../../../arm-none-eabi/lib/thumb/v7e-m+fp/hard/libc_nano.a(libc_a-impure.o)
                0x20000024                _impure_ptr
 .data._impure_data
                0x20000028       0x4c /home/etienne/st/stm32cubeide_1.18.1/plugins/com.st.stm32cube.ide.mcu.externaltools.gnu-tools-for-stm32.13.3.rel1.linux64_1.0.0.202410170706/tools/bin/../lib/gcc/arm-none-eabi/13.3.1/../../../../arm-none-eabi/lib/thumb/v7e-m+fp/hard/libc_nano.a(libc_a-impure.o)
                0x20000028                _impure_data
 *(.RamFunc)
 *(.RamFunc*)
                0x20000074                        . = ALIGN (0x4)
                0x20000074                        _edata = .

.igot.plt       0x20000074        0x0 load address 0x08004f5c
 .igot.plt      0x20000074        0x0 /home/etienne/st/stm32cubeide_1.18.1/plugins/com.st.stm32cube.ide.mcu.externaltools.gnu-tools-for-stm32.13.3.rel1.linux64_1.0.0.202410170706/tools/bin/../lib/gcc/arm-none-eabi/13.3.1/thumb/v7e-m+fp/hard/crtbegin.o
                0x20000074                        . = ALIGN (0x4)

.bss            0x20000074      0x2d4 load address 0x08004f5c
                0x20000074                        _sbss = .
                0x20000074                        __bss_start__ = _sbss
 *(.bss)
 .bss           0x20000074       0x1c /home/etienne/st/stm32cubeide_1.18.1/plugins/com.st.stm32cube.ide.mcu.externaltools.gnu-tools-for-stm32.13.3.rel1.linux64_1.0.0.202410170706/tools/bin/../lib/gcc/arm-none-eabi/13.3.1/thumb/v7e-m+fp/hard/crtbegin.o
 *(.bss*)
 .bss._ZN7devices10scs_servos6servosE
                0x20000090       0x24 ./Core/Src/Devices/SCServos.o
                0x20000090                devices::scs_servos::servos
 .bss._ZN7devices10scs_servos15init_successfulE
                0x200000b4        0x1 ./Core/Src/Devices/SCServos.o
                0x200000b4                devices::scs_servos::init_successful
 *fill*         0x200000b5        0x3 
 .bss.BspCOMInit
                0x200000b8       0x10 ./Core/Src/main.o
                0x200000b8                BspCOMInit
 .bss.__sbrk_heap_end
                0x200000c8        0x4 ./Core/Src/sysmem.o
 .bss.huart1    0x200000cc       0x94 ./Core/Src/usart.o
                0x200000cc                huart1
 .bss.hcom_uart
                0x20000160       0x94 ./Drivers/BSP/STM32G4xx_Nucleo/stm32g4xx_nucleo.o
                0x20000160                hcom_uart
 .bss.COM_ActiveLogPort
                0x200001f4        0x1 ./Drivers/BSP/STM32G4xx_Nucleo/stm32g4xx_nucleo.o
 *fill*         0x200001f5        0x3 
 .bss.uwTick    0x200001f8        0x4 ./Drivers/STM32G4xx_HAL_Driver/Src/stm32g4xx_hal.o
                0x200001f8                uwTick
 .bss.__sf      0x200001fc      0x138 /home/etienne/st/stm32cubeide_1.18.1/plugins/com.st.stm32cube.ide.mcu.externaltools.gnu-tools-for-stm32.13.3.rel1.linux64_1.0.0.202410170706/tools/bin/../lib/gcc/arm-none-eabi/13.3.1/../../../../arm-none-eabi/lib/thumb/v7e-m+fp/hard/libc_nano.a(libc_a-findfp.o)
                0x200001fc                __sf
 .bss.__stdio_exit_handler
                0x20000334        0x4 /home/etienne/st/stm32cubeide_1.18.1/plugins/com.st.stm32cube.ide.mcu.externaltools.gnu-tools-for-stm32.13.3.rel1.linux64_1.0.0.202410170706/tools/bin/../lib/gcc/arm-none-eabi/13.3.1/../../../../arm-none-eabi/lib/thumb/v7e-m+fp/hard/libc_nano.a(libc_a-findfp.o)
                0x20000334                __stdio_exit_handler
 .bss.errno     0x20000338        0x4 /home/etienne/st/stm32cubeide_1.18.1/plugins/com.st.stm32cube.ide.mcu.externaltools.gnu-tools-for-stm32.13.3.rel1.linux64_1.0.0.202410170706/tools/bin/../lib/gcc/arm-none-eabi/13.3.1/../../../../arm-none-eabi/lib/thumb/v7e-m+fp/hard/libc_nano.a(libc_a-reent.o)
                0x20000338                errno
 .bss.__lock___malloc_recursive_mutex
                0x2000033c        0x1 /home/etienne/st/stm32cubeide_1.18.1/plugins/com.st.stm32cube.ide.mcu.externaltools.gnu-tools-for-stm32.13.3.rel1.linux64_1.0.0.202410170706/tools/bin/../lib/gcc/arm-none-eabi/13.3.1/../../../../arm-none-eabi/lib/thumb/v7e-m+fp/hard/libc_nano.a(libc_a-lock.o)
                0x2000033c                __lock___malloc_recursive_mutex
 .bss.__lock___sfp_recursive_mutex
                0x2000033d        0x1 /home/etienne/st/stm32cubeide_1.18.1/plugins/com.st.stm32cube.ide.mcu.externaltools.gnu-tools-for-stm32.13.3.rel1.linux64_1.0.0.202410170706/tools/bin/../lib/gcc/arm-none-eabi/13.3.1/../../../../arm-none-eabi/lib/thumb/v7e-m+fp/hard/libc_nano.a(libc_a-lock.o)
                0x2000033d                __lock___sfp_recursive_mutex
 *fill*         0x2000033e        0x2 
 .bss.__malloc_sbrk_start
                0x20000340        0x4 /home/etienne/st/stm32cubeide_1.18.1/plugins/com.st.stm32cube.ide.mcu.externaltools.gnu-tools-for-stm32.13.3.rel1.linux64_1.0.0.202410170706/tools/bin/../lib/gcc/arm-none-eabi/13.3.1/../../../../arm-none-eabi/lib/thumb/v7e-m+fp/hard/libc_nano.a(libc_a-mallocr.o)
                0x20000340                __malloc_sbrk_start
 .bss.__malloc_free_list
                0x20000344        0x4 /home/etienne/st/stm32cubeide_1.18.1/plugins/com.st.stm32cube.ide.mcu.externaltools.gnu-tools-for-stm32.13.3.rel1.linux64_1.0.0.202410170706/tools/bin/../lib/gcc/arm-none-eabi/13.3.1/../../../../arm-none-eabi/lib/thumb/v7e-m+fp/hard/libc_nano.a(libc_a-mallocr.o)
                0x20000344                __malloc_free_list
 *(COMMON)
                0x20000348                        . = ALIGN (0x4)
                0x20000348                        _ebss = .
                0x20000348                        __bss_end__ = _ebss

._user_heap_stack
                0x20000348      0x600 load address 0x08004f5c
                0x20000348                        . = ALIGN (0x8)
                [!provide]                        PROVIDE (end = .)
                0x20000348                        PROVIDE (_end = .)
                0x20000548                        . = (. + _Min_Heap_Size)
 *fill*         0x20000348      0x200 
                0x20000948                        . = (. + _Min_Stack_Size)
 *fill*         0x20000548      0x400 
                0x20000948                        . = ALIGN (0x8)

/DISCARD/
 libc.a(*)
 libm.a(*)
 libgcc.a(*)

.ARM.attributes
                0x00000000       0x30
 *(.ARM.attributes)
 .ARM.attributes
                0x00000000       0x22 /home/etienne/st/stm32cubeide_1.18.1/plugins/com.st.stm32cube.ide.mcu.externaltools.gnu-tools-for-stm32.13.3.rel1.linux64_1.0.0.202410170706/tools/bin/../lib/gcc/arm-none-eabi/13.3.1/thumb/v7e-m+fp/hard/crti.o
 .ARM.attributes
                0x00000022       0x34 /home/etienne/st/stm32cubeide_1.18.1/plugins/com.st.stm32cube.ide.mcu.externaltools.gnu-tools-for-stm32.13.3.rel1.linux64_1.0.0.202410170706/tools/bin/../lib/gcc/arm-none-eabi/13.3.1/thumb/v7e-m+fp/hard/crtbegin.o
 .ARM.attributes
                0x00000056       0x34 ./Core/Src/Devices/SCServos.o
 .ARM.attributes
                0x0000008a       0x34 ./Core/Src/gpio.o
 .ARM.attributes
                0x000000be       0x34 ./Core/Src/main.o
 .ARM.attributes
                0x000000f2       0x34 ./Core/Src/stm32g4xx_hal_msp.o
 .ARM.attributes
                0x00000126       0x34 ./Core/Src/stm32g4xx_it.o
 .ARM.attributes
                0x0000015a       0x34 ./Core/Src/syscalls.o
 .ARM.attributes
                0x0000018e       0x34 ./Core/Src/sysmem.o
 .ARM.attributes
                0x000001c2       0x34 ./Core/Src/system_stm32g4xx.o
 .ARM.attributes
                0x000001f6       0x34 ./Core/Src/usart.o
 .ARM.attributes
                0x0000022a       0x21 ./Core/Startup/startup_stm32g431kbtx.o
 .ARM.attributes
                0x0000024b       0x34 ./Drivers/BSP/STM32G4xx_Nucleo/stm32g4xx_nucleo.o
 .ARM.attributes
                0x0000027f       0x34 ./Drivers/STM32G4xx_HAL_Driver/Src/stm32g4xx_hal.o
 .ARM.attributes
                0x000002b3       0x34 ./Drivers/STM32G4xx_HAL_Driver/Src/stm32g4xx_hal_cortex.o
 .ARM.attributes
                0x000002e7       0x34 ./Drivers/STM32G4xx_HAL_Driver/Src/stm32g4xx_hal_gpio.o
 .ARM.attributes
                0x0000031b       0x34 ./Drivers/STM32G4xx_HAL_Driver/Src/stm32g4xx_hal_pwr_ex.o
 .ARM.attributes
                0x0000034f       0x34 ./Drivers/STM32G4xx_HAL_Driver/Src/stm32g4xx_hal_rcc.o
 .ARM.attributes
                0x00000383       0x34 ./Drivers/STM32G4xx_HAL_Driver/Src/stm32g4xx_hal_rcc_ex.o
 .ARM.attributes
                0x000003b7       0x34 ./Drivers/STM32G4xx_HAL_Driver/Src/stm32g4xx_hal_uart.o
 .ARM.attributes
                0x000003eb       0x34 ./Drivers/STM32G4xx_HAL_Driver/Src/stm32g4xx_hal_uart_ex.o
 .ARM.attributes
                0x0000041f       0x34 /home/etienne/st/stm32cubeide_1.18.1/plugins/com.st.stm32cube.ide.mcu.externaltools.gnu-tools-for-stm32.13.3.rel1.linux64_1.0.0.202410170706/tools/bin/../lib/gcc/arm-none-eabi/13.3.1/../../../../arm-none-eabi/lib/thumb/v7e-m+fp/hard/libc_nano.a(libc_a-findfp.o)
 .ARM.attributes
                0x00000453       0x34 /home/etienne/st/stm32cubeide_1.18.1/plugins/com.st.stm32cube.ide.mcu.externaltools.gnu-tools-for-stm32.13.3.rel1.linux64_1.0.0.202410170706/tools/bin/../lib/gcc/arm-none-eabi/13.3.1/../../../../arm-none-eabi/lib/thumb/v7e-m+fp/hard/libc_nano.a(libc_a-fwalk.o)
 .ARM.attributes
                0x00000487       0x34 /home/etienne/st/stm32cubeide_1.18.1/plugins/com.st.stm32cube.ide.mcu.externaltools.gnu-tools-for-stm32.13.3.rel1.linux64_1.0.0.202410170706/tools/bin/../lib/gcc/arm-none-eabi/13.3.1/../../../../arm-none-eabi/lib/thumb/v7e-m+fp/hard/libc_nano.a(libc_a-printf.o)
 .ARM.attributes
                0x000004bb       0x34 /home/etienne/st/stm32cubeide_1.18.1/plugins/com.st.stm32cube.ide.mcu.externaltools.gnu-tools-for-stm32.13.3.rel1.linux64_1.0.0.202410170706/tools/bin/../lib/gcc/arm-none-eabi/13.3.1/../../../../arm-none-eabi/lib/thumb/v7e-m+fp/hard/libc_nano.a(libc_a-stdio.o)
 .ARM.attributes
                0x000004ef       0x34 /home/etienne/st/stm32cubeide_1.18.1/plugins/com.st.stm32cube.ide.mcu.externaltools.gnu-tools-for-stm32.13.3.rel1.linux64_1.0.0.202410170706/tools/bin/../lib/gcc/arm-none-eabi/13.3.1/../../../../arm-none-eabi/lib/thumb/v7e-m+fp/hard/libc_nano.a(libc_a-memset.o)
 .ARM.attributes
                0x00000523       0x34 /home/etienne/st/stm32cubeide_1.18.1/plugins/com.st.stm32cube.ide.mcu.externaltools.gnu-tools-for-stm32.13.3.rel1.linux64_1.0.0.202410170706/tools/bin/../lib/gcc/arm-none-eabi/13.3.1/../../../../arm-none-eabi/lib/thumb/v7e-m+fp/hard/libc_nano.a(libc_a-closer.o)
 .ARM.attributes
                0x00000557       0x34 /home/etienne/st/stm32cubeide_1.18.1/plugins/com.st.stm32cube.ide.mcu.externaltools.gnu-tools-for-stm32.13.3.rel1.linux64_1.0.0.202410170706/tools/bin/../lib/gcc/arm-none-eabi/13.3.1/../../../../arm-none-eabi/lib/thumb/v7e-m+fp/hard/libc_nano.a(libc_a-reent.o)
 .ARM.attributes
                0x0000058b       0x34 /home/etienne/st/stm32cubeide_1.18.1/plugins/com.st.stm32cube.ide.mcu.externaltools.gnu-tools-for-stm32.13.3.rel1.linux64_1.0.0.202410170706/tools/bin/../lib/gcc/arm-none-eabi/13.3.1/../../../../arm-none-eabi/lib/thumb/v7e-m+fp/hard/libc_nano.a(libc_a-impure.o)
 .ARM.attributes
                0x000005bf       0x34 /home/etienne/st/stm32cubeide_1.18.1/plugins/com.st.stm32cube.ide.mcu.externaltools.gnu-tools-for-stm32.13.3.rel1.linux64_1.0.0.202410170706/tools/bin/../lib/gcc/arm-none-eabi/13.3.1/../../../../arm-none-eabi/lib/thumb/v7e-m+fp/hard/libc_nano.a(libc_a-lseekr.o)
 .ARM.attributes
                0x000005f3       0x34 /home/etienne/st/stm32cubeide_1.18.1/plugins/com.st.stm32cube.ide.mcu.externaltools.gnu-tools-for-stm32.13.3.rel1.linux64_1.0.0.202410170706/tools/bin/../lib/gcc/arm-none-eabi/13.3.1/../../../../arm-none-eabi/lib/thumb/v7e-m+fp/hard/libc_nano.a(libc_a-readr.o)
 .ARM.attributes
                0x00000627       0x34 /home/etienne/st/stm32cubeide_1.18.1/plugins/com.st.stm32cube.ide.mcu.externaltools.gnu-tools-for-stm32.13.3.rel1.linux64_1.0.0.202410170706/tools/bin/../lib/gcc/arm-none-eabi/13.3.1/../../../../arm-none-eabi/lib/thumb/v7e-m+fp/hard/libc_nano.a(libc_a-writer.o)
 .ARM.attributes
                0x0000065b       0x34 /home/etienne/st/stm32cubeide_1.18.1/plugins/com.st.stm32cube.ide.mcu.externaltools.gnu-tools-for-stm32.13.3.rel1.linux64_1.0.0.202410170706/tools/bin/../lib/gcc/arm-none-eabi/13.3.1/../../../../arm-none-eabi/lib/thumb/v7e-m+fp/hard/libc_nano.a(libc_a-errno.o)
 .ARM.attributes
                0x0000068f       0x34 /home/etienne/st/stm32cubeide_1.18.1/plugins/com.st.stm32cube.ide.mcu.externaltools.gnu-tools-for-stm32.13.3.rel1.linux64_1.0.0.202410170706/tools/bin/../lib/gcc/arm-none-eabi/13.3.1/../../../../arm-none-eabi/lib/thumb/v7e-m+fp/hard/libc_nano.a(libc_a-init.o)
 .ARM.attributes
                0x000006c3       0x34 /home/etienne/st/stm32cubeide_1.18.1/plugins/com.st.stm32cube.ide.mcu.externaltools.gnu-tools-for-stm32.13.3.rel1.linux64_1.0.0.202410170706/tools/bin/../lib/gcc/arm-none-eabi/13.3.1/../../../../arm-none-eabi/lib/thumb/v7e-m+fp/hard/libc_nano.a(libc_a-lock.o)
 .ARM.attributes
                0x000006f7       0x34 /home/etienne/st/stm32cubeide_1.18.1/plugins/com.st.stm32cube.ide.mcu.externaltools.gnu-tools-for-stm32.13.3.rel1.linux64_1.0.0.202410170706/tools/bin/../lib/gcc/arm-none-eabi/13.3.1/../../../../arm-none-eabi/lib/thumb/v7e-m+fp/hard/libc_nano.a(libc_a-freer.o)
 .ARM.attributes
                0x0000072b       0x34 /home/etienne/st/stm32cubeide_1.18.1/plugins/com.st.stm32cube.ide.mcu.externaltools.gnu-tools-for-stm32.13.3.rel1.linux64_1.0.0.202410170706/tools/bin/../lib/gcc/arm-none-eabi/13.3.1/../../../../arm-none-eabi/lib/thumb/v7e-m+fp/hard/libc_nano.a(libc_a-mallocr.o)
 .ARM.attributes
                0x0000075f       0x34 /home/etienne/st/stm32cubeide_1.18.1/plugins/com.st.stm32cube.ide.mcu.externaltools.gnu-tools-for-stm32.13.3.rel1.linux64_1.0.0.202410170706/tools/bin/../lib/gcc/arm-none-eabi/13.3.1/../../../../arm-none-eabi/lib/thumb/v7e-m+fp/hard/libc_nano.a(libc_a-mlock.o)
 .ARM.attributes
                0x00000793       0x34 /home/etienne/st/stm32cubeide_1.18.1/plugins/com.st.stm32cube.ide.mcu.externaltools.gnu-tools-for-stm32.13.3.rel1.linux64_1.0.0.202410170706/tools/bin/../lib/gcc/arm-none-eabi/13.3.1/../../../../arm-none-eabi/lib/thumb/v7e-m+fp/hard/libc_nano.a(libc_a-nano-vfprintf.o)
 .ARM.attributes
                0x000007c7       0x34 /home/etienne/st/stm32cubeide_1.18.1/plugins/com.st.stm32cube.ide.mcu.externaltools.gnu-tools-for-stm32.13.3.rel1.linux64_1.0.0.202410170706/tools/bin/../lib/gcc/arm-none-eabi/13.3.1/../../../../arm-none-eabi/lib/thumb/v7e-m+fp/hard/libc_nano.a(libc_a-nano-vfprintf_i.o)
 .ARM.attributes
                0x000007fb       0x34 /home/etienne/st/stm32cubeide_1.18.1/plugins/com.st.stm32cube.ide.mcu.externaltools.gnu-tools-for-stm32.13.3.rel1.linux64_1.0.0.202410170706/tools/bin/../lib/gcc/arm-none-eabi/13.3.1/../../../../arm-none-eabi/lib/thumb/v7e-m+fp/hard/libc_nano.a(libc_a-fflush.o)
 .ARM.attributes
                0x0000082f       0x34 /home/etienne/st/stm32cubeide_1.18.1/plugins/com.st.stm32cube.ide.mcu.externaltools.gnu-tools-for-stm32.13.3.rel1.linux64_1.0.0.202410170706/tools/bin/../lib/gcc/arm-none-eabi/13.3.1/../../../../arm-none-eabi/lib/thumb/v7e-m+fp/hard/libc_nano.a(libc_a-wbuf.o)
 .ARM.attributes
                0x00000863       0x34 /home/etienne/st/stm32cubeide_1.18.1/plugins/com.st.stm32cube.ide.mcu.externaltools.gnu-tools-for-stm32.13.3.rel1.linux64_1.0.0.202410170706/tools/bin/../lib/gcc/arm-none-eabi/13.3.1/../../../../arm-none-eabi/lib/thumb/v7e-m+fp/hard/libc_nano.a(libc_a-wsetup.o)
 .ARM.attributes
                0x00000897       0x34 /home/etienne/st/stm32cubeide_1.18.1/plugins/com.st.stm32cube.ide.mcu.externaltools.gnu-tools-for-stm32.13.3.rel1.linux64_1.0.0.202410170706/tools/bin/../lib/gcc/arm-none-eabi/13.3.1/../../../../arm-none-eabi/lib/thumb/v7e-m+fp/hard/libc_nano.a(libc_a-sbrkr.o)
 .ARM.attributes
                0x000008cb       0x1c /home/etienne/st/stm32cubeide_1.18.1/plugins/com.st.stm32cube.ide.mcu.externaltools.gnu-tools-for-stm32.13.3.rel1.linux64_1.0.0.202410170706/tools/bin/../lib/gcc/arm-none-eabi/13.3.1/../../../../arm-none-eabi/lib/thumb/v7e-m+fp/hard/libc_nano.a(libc_a-memchr.o)
 .ARM.attributes
                0x000008e7       0x34 /home/etienne/st/stm32cubeide_1.18.1/plugins/com.st.stm32cube.ide.mcu.externaltools.gnu-tools-for-stm32.13.3.rel1.linux64_1.0.0.202410170706/tools/bin/../lib/gcc/arm-none-eabi/13.3.1/../../../../arm-none-eabi/lib/thumb/v7e-m+fp/hard/libc_nano.a(libc_a-makebuf.o)
 .ARM.attributes
                0x0000091b       0x34 /home/etienne/st/stm32cubeide_1.18.1/plugins/com.st.stm32cube.ide.mcu.externaltools.gnu-tools-for-stm32.13.3.rel1.linux64_1.0.0.202410170706/tools/bin/../lib/gcc/arm-none-eabi/13.3.1/../../../../arm-none-eabi/lib/thumb/v7e-m+fp/hard/libc_nano.a(libc_a-fstatr.o)
 .ARM.attributes
                0x0000094f       0x34 /home/etienne/st/stm32cubeide_1.18.1/plugins/com.st.stm32cube.ide.mcu.externaltools.gnu-tools-for-stm32.13.3.rel1.linux64_1.0.0.202410170706/tools/bin/../lib/gcc/arm-none-eabi/13.3.1/../../../../arm-none-eabi/lib/thumb/v7e-m+fp/hard/libc_nano.a(libc_a-isattyr.o)
 .ARM.attributes
                0x00000983       0x22 /home/etienne/st/stm32cubeide_1.18.1/plugins/com.st.stm32cube.ide.mcu.externaltools.gnu-tools-for-stm32.13.3.rel1.linux64_1.0.0.202410170706/tools/bin/../lib/gcc/arm-none-eabi/13.3.1/thumb/v7e-m+fp/hard/libgcc.a(_arm_muldf3.o)
 .ARM.attributes
                0x000009a5       0x22 /home/etienne/st/stm32cubeide_1.18.1/plugins/com.st.stm32cube.ide.mcu.externaltools.gnu-tools-for-stm32.13.3.rel1.linux64_1.0.0.202410170706/tools/bin/../lib/gcc/arm-none-eabi/13.3.1/thumb/v7e-m+fp/hard/libgcc.a(_arm_addsubdf3.o)
 .ARM.attributes
                0x000009c7       0x22 /home/etienne/st/stm32cubeide_1.18.1/plugins/com.st.stm32cube.ide.mcu.externaltools.gnu-tools-for-stm32.13.3.rel1.linux64_1.0.0.202410170706/tools/bin/../lib/gcc/arm-none-eabi/13.3.1/thumb/v7e-m+fp/hard/libgcc.a(_arm_fixdfsi.o)
 .ARM.attributes
                0x000009e9       0x22 /home/etienne/st/stm32cubeide_1.18.1/plugins/com.st.stm32cube.ide.mcu.externaltools.gnu-tools-for-stm32.13.3.rel1.linux64_1.0.0.202410170706/tools/bin/../lib/gcc/arm-none-eabi/13.3.1/thumb/v7e-m+fp/hard/libgcc.a(_aeabi_uldivmod.o)
 .ARM.attributes
                0x00000a0b       0x34 /home/etienne/st/stm32cubeide_1.18.1/plugins/com.st.stm32cube.ide.mcu.externaltools.gnu-tools-for-stm32.13.3.rel1.linux64_1.0.0.202410170706/tools/bin/../lib/gcc/arm-none-eabi/13.3.1/thumb/v7e-m+fp/hard/libgcc.a(_udivmoddi4.o)
 .ARM.attributes
                0x00000a3f       0x22 /home/etienne/st/stm32cubeide_1.18.1/plugins/com.st.stm32cube.ide.mcu.externaltools.gnu-tools-for-stm32.13.3.rel1.linux64_1.0.0.202410170706/tools/bin/../lib/gcc/arm-none-eabi/13.3.1/thumb/v7e-m+fp/hard/libgcc.a(_dvmd_tls.o)
 .ARM.attributes
                0x00000a61       0x22 /home/etienne/st/stm32cubeide_1.18.1/plugins/com.st.stm32cube.ide.mcu.externaltools.gnu-tools-for-stm32.13.3.rel1.linux64_1.0.0.202410170706/tools/bin/../lib/gcc/arm-none-eabi/13.3.1/thumb/v7e-m+fp/hard/crtn.o
OUTPUT(stm_pamis_board.elf elf32-littlearm)
LOAD linker stubs
LOAD /home/etienne/st/stm32cubeide_1.18.1/plugins/com.st.stm32cube.ide.mcu.externaltools.gnu-tools-for-stm32.13.3.rel1.linux64_1.0.0.202410170706/tools/bin/../lib/gcc/arm-none-eabi/13.3.1/../../../../arm-none-eabi/lib/thumb/v7e-m+fp/hard/libc.a
LOAD /home/etienne/st/stm32cubeide_1.18.1/plugins/com.st.stm32cube.ide.mcu.externaltools.gnu-tools-for-stm32.13.3.rel1.linux64_1.0.0.202410170706/tools/bin/../lib/gcc/arm-none-eabi/13.3.1/../../../../arm-none-eabi/lib/thumb/v7e-m+fp/hard/libm.a
LOAD /home/etienne/st/stm32cubeide_1.18.1/plugins/com.st.stm32cube.ide.mcu.externaltools.gnu-tools-for-stm32.13.3.rel1.linux64_1.0.0.202410170706/tools/bin/../lib/gcc/arm-none-eabi/13.3.1/thumb/v7e-m+fp/hard/libgcc.a

.debug_info     0x00000000    0x10872
 .debug_info    0x00000000     0x253e ./Core/Src/Devices/SCServos.o
 .debug_info    0x0000253e      0x2d8 ./Core/Src/gpio.o
 .debug_info    0x00002816     0x1244 ./Core/Src/main.o
 .debug_info    0x00003a5a      0x2e1 ./Core/Src/stm32g4xx_hal_msp.o
 .debug_info    0x00003d3b      0x11a ./Core/Src/stm32g4xx_it.o
 .debug_info    0x00003e55      0x6a3 ./Core/Src/syscalls.o
 .debug_info    0x000044f8      0x168 ./Core/Src/sysmem.o
 .debug_info    0x00004660      0x58e ./Core/Src/system_stm32g4xx.o
 .debug_info    0x00004bee      0xd76 ./Core/Src/usart.o
 .debug_info    0x00005964       0x30 ./Core/Startup/startup_stm32g431kbtx.o
 .debug_info    0x00005994     0x1690 ./Drivers/BSP/STM32G4xx_Nucleo/stm32g4xx_nucleo.o
 .debug_info    0x00007024      0xadb ./Drivers/STM32G4xx_HAL_Driver/Src/stm32g4xx_hal.o
 .debug_info    0x00007aff      0xd3f ./Drivers/STM32G4xx_HAL_Driver/Src/stm32g4xx_hal_cortex.o
 .debug_info    0x0000883e      0x763 ./Drivers/STM32G4xx_HAL_Driver/Src/stm32g4xx_hal_gpio.o
 .debug_info    0x00008fa1      0x93f ./Drivers/STM32G4xx_HAL_Driver/Src/stm32g4xx_hal_pwr_ex.o
 .debug_info    0x000098e0      0xb82 ./Drivers/STM32G4xx_HAL_Driver/Src/stm32g4xx_hal_rcc.o
 .debug_info    0x0000a462      0xc15 ./Drivers/STM32G4xx_HAL_Driver/Src/stm32g4xx_hal_rcc_ex.o
 .debug_info    0x0000b077     0x481e ./Drivers/STM32G4xx_HAL_Driver/Src/stm32g4xx_hal_uart.o
 .debug_info    0x0000f895      0xfdd ./Drivers/STM32G4xx_HAL_Driver/Src/stm32g4xx_hal_uart_ex.o

.debug_abbrev   0x00000000     0x27df
 .debug_abbrev  0x00000000      0x4d3 ./Core/Src/Devices/SCServos.o
 .debug_abbrev  0x000004d3       0xc6 ./Core/Src/gpio.o
 .debug_abbrev  0x00000599      0x3c7 ./Core/Src/main.o
 .debug_abbrev  0x00000960       0xd9 ./Core/Src/stm32g4xx_hal_msp.o
 .debug_abbrev  0x00000a39       0x73 ./Core/Src/stm32g4xx_it.o
 .debug_abbrev  0x00000aac      0x1b6 ./Core/Src/syscalls.o
 .debug_abbrev  0x00000c62       0xbc ./Core/Src/sysmem.o
 .debug_abbrev  0x00000d1e      0x11a ./Core/Src/system_stm32g4xx.o
 .debug_abbrev  0x00000e38      0x20d ./Core/Src/usart.o
 .debug_abbrev  0x00001045       0x24 ./Core/Startup/startup_stm32g431kbtx.o
 .debug_abbrev  0x00001069      0x2fb ./Drivers/BSP/STM32G4xx_Nucleo/stm32g4xx_nucleo.o
 .debug_abbrev  0x00001364      0x271 ./Drivers/STM32G4xx_HAL_Driver/Src/stm32g4xx_hal.o
 .debug_abbrev  0x000015d5      0x31c ./Drivers/STM32G4xx_HAL_Driver/Src/stm32g4xx_hal_cortex.o
 .debug_abbrev  0x000018f1      0x1cb ./Drivers/STM32G4xx_HAL_Driver/Src/stm32g4xx_hal_gpio.o
 .debug_abbrev  0x00001abc      0x22c ./Drivers/STM32G4xx_HAL_Driver/Src/stm32g4xx_hal_pwr_ex.o
 .debug_abbrev  0x00001ce8      0x2c9 ./Drivers/STM32G4xx_HAL_Driver/Src/stm32g4xx_hal_rcc.o
 .debug_abbrev  0x00001fb1      0x258 ./Drivers/STM32G4xx_HAL_Driver/Src/stm32g4xx_hal_rcc_ex.o
 .debug_abbrev  0x00002209      0x304 ./Drivers/STM32G4xx_HAL_Driver/Src/stm32g4xx_hal_uart.o
 .debug_abbrev  0x0000250d      0x2d2 ./Drivers/STM32G4xx_HAL_Driver/Src/stm32g4xx_hal_uart_ex.o

.debug_aranges  0x00000000      0xc58
 .debug_aranges
                0x00000000      0x138 ./Core/Src/Devices/SCServos.o
 .debug_aranges
                0x00000138       0x20 ./Core/Src/gpio.o
 .debug_aranges
                0x00000158       0x30 ./Core/Src/main.o
 .debug_aranges
                0x00000188       0x20 ./Core/Src/stm32g4xx_hal_msp.o
 .debug_aranges
                0x000001a8       0x60 ./Core/Src/stm32g4xx_it.o
 .debug_aranges
                0x00000208       0xa8 ./Core/Src/syscalls.o
 .debug_aranges
                0x000002b0       0x20 ./Core/Src/sysmem.o
 .debug_aranges
                0x000002d0       0x28 ./Core/Src/system_stm32g4xx.o
 .debug_aranges
                0x000002f8       0x30 ./Core/Src/usart.o
 .debug_aranges
                0x00000328       0x28 ./Core/Startup/startup_stm32g431kbtx.o
 .debug_aranges
                0x00000350       0xc8 ./Drivers/BSP/STM32G4xx_Nucleo/stm32g4xx_nucleo.o
 .debug_aranges
                0x00000418      0x148 ./Drivers/STM32G4xx_HAL_Driver/Src/stm32g4xx_hal.o
 .debug_aranges
                0x00000560      0x128 ./Drivers/STM32G4xx_HAL_Driver/Src/stm32g4xx_hal_cortex.o
 .debug_aranges
                0x00000688       0x58 ./Drivers/STM32G4xx_HAL_Driver/Src/stm32g4xx_hal_gpio.o
 .debug_aranges
                0x000006e0      0x140 ./Drivers/STM32G4xx_HAL_Driver/Src/stm32g4xx_hal_pwr_ex.o
 .debug_aranges
                0x00000820       0x98 ./Drivers/STM32G4xx_HAL_Driver/Src/stm32g4xx_hal_rcc.o
 .debug_aranges
                0x000008b8       0xb0 ./Drivers/STM32G4xx_HAL_Driver/Src/stm32g4xx_hal_rcc_ex.o
 .debug_aranges
                0x00000968      0x248 ./Drivers/STM32G4xx_HAL_Driver/Src/stm32g4xx_hal_uart.o
 .debug_aranges
                0x00000bb0       0xa8 ./Drivers/STM32G4xx_HAL_Driver/Src/stm32g4xx_hal_uart_ex.o

.debug_rnglists
                0x00000000      0x964
 .debug_rnglists
                0x00000000       0xf8 ./Core/Src/Devices/SCServos.o
 .debug_rnglists
                0x000000f8       0x13 ./Core/Src/gpio.o
 .debug_rnglists
                0x0000010b       0x21 ./Core/Src/main.o
 .debug_rnglists
                0x0000012c       0x13 ./Core/Src/stm32g4xx_hal_msp.o
 .debug_rnglists
                0x0000013f       0x43 ./Core/Src/stm32g4xx_it.o
 .debug_rnglists
                0x00000182       0x79 ./Core/Src/syscalls.o
 .debug_rnglists
                0x000001fb       0x13 ./Core/Src/sysmem.o
 .debug_rnglists
                0x0000020e       0x1a ./Core/Src/system_stm32g4xx.o
 .debug_rnglists
                0x00000228       0x21 ./Core/Src/usart.o
 .debug_rnglists
                0x00000249       0x19 ./Core/Startup/startup_stm32g431kbtx.o
 .debug_rnglists
                0x00000262       0x93 ./Drivers/BSP/STM32G4xx_Nucleo/stm32g4xx_nucleo.o
 .debug_rnglists
                0x000002f5       0xf1 ./Drivers/STM32G4xx_HAL_Driver/Src/stm32g4xx_hal.o
 .debug_rnglists
                0x000003e6       0xda ./Drivers/STM32G4xx_HAL_Driver/Src/stm32g4xx_hal_cortex.o
 .debug_rnglists
                0x000004c0       0x3f ./Drivers/STM32G4xx_HAL_Driver/Src/stm32g4xx_hal_gpio.o
 .debug_rnglists
                0x000004ff       0xf1 ./Drivers/STM32G4xx_HAL_Driver/Src/stm32g4xx_hal_pwr_ex.o
 .debug_rnglists
                0x000005f0       0x74 ./Drivers/STM32G4xx_HAL_Driver/Src/stm32g4xx_hal_rcc.o
 .debug_rnglists
                0x00000664       0x87 ./Drivers/STM32G4xx_HAL_Driver/Src/stm32g4xx_hal_rcc_ex.o
 .debug_rnglists
                0x000006eb      0x1fa ./Drivers/STM32G4xx_HAL_Driver/Src/stm32g4xx_hal_uart.o
 .debug_rnglists
                0x000008e5       0x7f ./Drivers/STM32G4xx_HAL_Driver/Src/stm32g4xx_hal_uart_ex.o

.debug_macro    0x00000000    0x21690
 .debug_macro   0x00000000      0x338 ./Core/Src/Devices/SCServos.o
 .debug_macro   0x00000338      0xbb6 ./Core/Src/Devices/SCServos.o
 .debug_macro   0x00000eee      0x155 ./Core/Src/Devices/SCServos.o
 .debug_macro   0x00001043       0x2e ./Core/Src/Devices/SCServos.o
 .debug_macro   0x00001071       0x28 ./Core/Src/Devices/SCServos.o
 .debug_macro   0x00001099       0x1c ./Core/Src/Devices/SCServos.o
 .debug_macro   0x000010b5       0x22 ./Core/Src/Devices/SCServos.o
 .debug_macro   0x000010d7       0x8e ./Core/Src/Devices/SCServos.o
 .debug_macro   0x00001165       0x51 ./Core/Src/Devices/SCServos.o
 .debug_macro   0x000011b6      0x103 ./Core/Src/Devices/SCServos.o
 .debug_macro   0x000012b9       0x6a ./Core/Src/Devices/SCServos.o
 .debug_macro   0x00001323      0x1df ./Core/Src/Devices/SCServos.o
 .debug_macro   0x00001502       0x1c ./Core/Src/Devices/SCServos.o
 .debug_macro   0x0000151e       0x22 ./Core/Src/Devices/SCServos.o
 .debug_macro   0x00001540       0xfb ./Core/Src/Devices/SCServos.o
 .debug_macro   0x0000163b     0x1011 ./Core/Src/Devices/SCServos.o
 .debug_macro   0x0000264c      0x11f ./Core/Src/Devices/SCServos.o
 .debug_macro   0x0000276b    0x1138f ./Core/Src/Devices/SCServos.o
 .debug_macro   0x00013afa       0x6d ./Core/Src/Devices/SCServos.o
 .debug_macro   0x00013b67     0x3558 ./Core/Src/Devices/SCServos.o
 .debug_macro   0x000170bf      0x197 ./Core/Src/Devices/SCServos.o
 .debug_macro   0x00017256       0x5c ./Core/Src/Devices/SCServos.o
 .debug_macro   0x000172b2     0x141d ./Core/Src/Devices/SCServos.o
 .debug_macro   0x000186cf      0x535 ./Core/Src/Devices/SCServos.o
 .debug_macro   0x00018c04      0x1b6 ./Core/Src/Devices/SCServos.o
 .debug_macro   0x00018dba      0x288 ./Core/Src/Devices/SCServos.o
 .debug_macro   0x00019042      0x41d ./Core/Src/Devices/SCServos.o
 .debug_macro   0x0001945f      0x18b ./Core/Src/Devices/SCServos.o
 .debug_macro   0x000195ea       0x43 ./Core/Src/Devices/SCServos.o
 .debug_macro   0x0001962d      0x23d ./Core/Src/Devices/SCServos.o
 .debug_macro   0x0001986a      0x211 ./Core/Src/Devices/SCServos.o
 .debug_macro   0x00019a7b      0x401 ./Core/Src/Devices/SCServos.o
 .debug_macro   0x00019e7c      0x107 ./Core/Src/Devices/SCServos.o
 .debug_macro   0x00019f83      0x122 ./Core/Src/Devices/SCServos.o
 .debug_macro   0x0001a0a5      0x3d1 ./Core/Src/Devices/SCServos.o
 .debug_macro   0x0001a476      0x693 ./Core/Src/Devices/SCServos.o
 .debug_macro   0x0001ab09       0xa6 ./Core/Src/Devices/SCServos.o
 .debug_macro   0x0001abaf      0x306 ./Core/Src/Devices/SCServos.o
 .debug_macro   0x0001aeb5      0x1c6 ./Core/Src/Devices/SCServos.o
 .debug_macro   0x0001b07b      0x1f2 ./Core/Src/Devices/SCServos.o
 .debug_macro   0x0001b26d       0x10 ./Core/Src/Devices/SCServos.o
 .debug_macro   0x0001b27d      0x409 ./Core/Src/Devices/SCServos.o
 .debug_macro   0x0001b686       0x61 ./Core/Src/Devices/SCServos.o
 .debug_macro   0x0001b6e7       0x2a ./Core/Src/Devices/SCServos.o
 .debug_macro   0x0001b711       0x43 ./Core/Src/Devices/SCServos.o
 .debug_macro   0x0001b754       0x34 ./Core/Src/Devices/SCServos.o
 .debug_macro   0x0001b788       0x16 ./Core/Src/Devices/SCServos.o
 .debug_macro   0x0001b79e       0x3c ./Core/Src/Devices/SCServos.o
 .debug_macro   0x0001b7da      0x38c ./Core/Src/Devices/SCServos.o
 .debug_macro   0x0001bb66       0x10 ./Core/Src/Devices/SCServos.o
 .debug_macro   0x0001bb76       0x16 ./Core/Src/Devices/SCServos.o
 .debug_macro   0x0001bb8c       0x4a ./Core/Src/Devices/SCServos.o
 .debug_macro   0x0001bbd6       0x34 ./Core/Src/Devices/SCServos.o
 .debug_macro   0x0001bc0a       0x10 ./Core/Src/Devices/SCServos.o
 .debug_macro   0x0001bc1a       0x58 ./Core/Src/Devices/SCServos.o
 .debug_macro   0x0001bc72       0x8e ./Core/Src/Devices/SCServos.o
 .debug_macro   0x0001bd00       0x16 ./Core/Src/Devices/SCServos.o
 .debug_macro   0x0001bd16      0x185 ./Core/Src/Devices/SCServos.o
 .debug_macro   0x0001be9b       0x16 ./Core/Src/Devices/SCServos.o
 .debug_macro   0x0001beb1       0x16 ./Core/Src/Devices/SCServos.o
 .debug_macro   0x0001bec7      0x138 ./Core/Src/Devices/SCServos.o
 .debug_macro   0x0001bfff      0x11d ./Core/Src/Devices/SCServos.o
 .debug_macro   0x0001c11c       0x52 ./Core/Src/Devices/SCServos.o
 .debug_macro   0x0001c16e       0x22 ./Core/Src/Devices/SCServos.o
 .debug_macro   0x0001c190      0x100 ./Core/Src/Devices/SCServos.o
 .debug_macro   0x0001c290       0x28 ./Core/Src/Devices/SCServos.o
 .debug_macro   0x0001c2b8       0xac ./Core/Src/Devices/SCServos.o
 .debug_macro   0x0001c364       0x34 ./Core/Src/Devices/SCServos.o
 .debug_macro   0x0001c398      0x2cc ./Core/Src/gpio.o
 .debug_macro   0x0001c664      0xade ./Core/Src/gpio.o
 .debug_macro   0x0001d142     0x1011 ./Core/Src/gpio.o
 .debug_macro   0x0001e153      0x190 ./Core/Src/gpio.o
 .debug_macro   0x0001e2e3       0x34 ./Core/Src/gpio.o
 .debug_macro   0x0001e317       0x3c ./Core/Src/gpio.o
 .debug_macro   0x0001e353      0x370 ./Core/Src/gpio.o
 .debug_macro   0x0001e6c3       0x4a ./Core/Src/gpio.o
 .debug_macro   0x0001e70d       0x1c ./Core/Src/gpio.o
 .debug_macro   0x0001e729      0x146 ./Core/Src/gpio.o
 .debug_macro   0x0001e86f      0x314 ./Core/Src/main.o
 .debug_macro   0x0001eb83      0x2c2 ./Core/Src/stm32g4xx_hal_msp.o
 .debug_macro   0x0001ee45      0x2cc ./Core/Src/stm32g4xx_it.o
 .debug_macro   0x0001f111      0x274 ./Core/Src/syscalls.o
 .debug_macro   0x0001f385       0x5b ./Core/Src/syscalls.o
 .debug_macro   0x0001f3e0       0x94 ./Core/Src/syscalls.o
 .debug_macro   0x0001f474       0x57 ./Core/Src/syscalls.o
 .debug_macro   0x0001f4cb       0x10 ./Core/Src/syscalls.o
 .debug_macro   0x0001f4db       0x10 ./Core/Src/syscalls.o
 .debug_macro   0x0001f4eb       0x10 ./Core/Src/syscalls.o
 .debug_macro   0x0001f4fb       0x10 ./Core/Src/syscalls.o
 .debug_macro   0x0001f50b       0x1c ./Core/Src/syscalls.o
 .debug_macro   0x0001f527       0x52 ./Core/Src/syscalls.o
 .debug_macro   0x0001f579       0x22 ./Core/Src/syscalls.o
 .debug_macro   0x0001f59b       0x10 ./Core/Src/syscalls.o
 .debug_macro   0x0001f5ab       0x52 ./Core/Src/syscalls.o
 .debug_macro   0x0001f5fd       0xcf ./Core/Src/syscalls.o
 .debug_macro   0x0001f6cc       0x1c ./Core/Src/syscalls.o
 .debug_macro   0x0001f6e8       0x3d ./Core/Src/syscalls.o
 .debug_macro   0x0001f725       0x35 ./Core/Src/syscalls.o
 .debug_macro   0x0001f75a      0x12c ./Core/Src/syscalls.o
 .debug_macro   0x0001f886       0x16 ./Core/Src/syscalls.o
 .debug_macro   0x0001f89c       0x16 ./Core/Src/syscalls.o
 .debug_macro   0x0001f8b2       0x29 ./Core/Src/syscalls.o
 .debug_macro   0x0001f8db       0x10 ./Core/Src/syscalls.o
 .debug_macro   0x0001f8eb      0x242 ./Core/Src/syscalls.o
 .debug_macro   0x0001fb2d       0x1c ./Core/Src/syscalls.o
 .debug_macro   0x0001fb49       0x10 ./Core/Src/syscalls.o
 .debug_macro   0x0001fb59      0x18a ./Core/Src/syscalls.o
 .debug_macro   0x0001fce3       0x16 ./Core/Src/syscalls.o
 .debug_macro   0x0001fcf9       0xce ./Core/Src/syscalls.o
 .debug_macro   0x0001fdc7      0x112 ./Core/Src/sysmem.o
 .debug_macro   0x0001fed9      0x23c ./Core/Src/sysmem.o
 .debug_macro   0x00020115      0x1ba ./Core/Src/system_stm32g4xx.o
 .debug_macro   0x000202cf      0x2cc ./Core/Src/usart.o
 .debug_macro   0x0002059b      0x1e7 ./Drivers/BSP/STM32G4xx_Nucleo/stm32g4xx_nucleo.o
 .debug_macro   0x00020782       0x1c ./Drivers/BSP/STM32G4xx_Nucleo/stm32g4xx_nucleo.o
 .debug_macro   0x0002079e      0x208 ./Drivers/STM32G4xx_HAL_Driver/Src/stm32g4xx_hal.o
 .debug_macro   0x000209a6      0x1ba ./Drivers/STM32G4xx_HAL_Driver/Src/stm32g4xx_hal_cortex.o
 .debug_macro   0x00020b60      0x1c1 ./Drivers/STM32G4xx_HAL_Driver/Src/stm32g4xx_hal_gpio.o
 .debug_macro   0x00020d21      0x1e4 ./Drivers/STM32G4xx_HAL_Driver/Src/stm32g4xx_hal_pwr_ex.o
 .debug_macro   0x00020f05      0x1fc ./Drivers/STM32G4xx_HAL_Driver/Src/stm32g4xx_hal_rcc.o
 .debug_macro   0x00021101      0x1e4 ./Drivers/STM32G4xx_HAL_Driver/Src/stm32g4xx_hal_rcc_ex.o
 .debug_macro   0x000212e5      0x1e5 ./Drivers/STM32G4xx_HAL_Driver/Src/stm32g4xx_hal_uart.o
 .debug_macro   0x000214ca      0x1c6 ./Drivers/STM32G4xx_HAL_Driver/Src/stm32g4xx_hal_uart_ex.o

.debug_line     0x00000000     0xec77
 .debug_line    0x00000000     0x12bd ./Core/Src/Devices/SCServos.o
 .debug_line    0x000012bd      0x84d ./Core/Src/gpio.o
 .debug_line    0x00001b0a      0x9c3 ./Core/Src/main.o
 .debug_line    0x000024cd      0x851 ./Core/Src/stm32g4xx_hal_msp.o
 .debug_line    0x00002d1e      0x8ff ./Core/Src/stm32g4xx_it.o
 .debug_line    0x0000361d      0x80e ./Core/Src/syscalls.o
 .debug_line    0x00003e2b      0x4ea ./Core/Src/sysmem.o
 .debug_line    0x00004315      0x706 ./Core/Src/system_stm32g4xx.o
 .debug_line    0x00004a1b      0x903 ./Core/Src/usart.o
 .debug_line    0x0000531e       0x7b ./Core/Startup/startup_stm32g431kbtx.o
 .debug_line    0x00005399      0xa25 ./Drivers/BSP/STM32G4xx_Nucleo/stm32g4xx_nucleo.o
 .debug_line    0x00005dbe      0xad2 ./Drivers/STM32G4xx_HAL_Driver/Src/stm32g4xx_hal.o
 .debug_line    0x00006890      0xc37 ./Drivers/STM32G4xx_HAL_Driver/Src/stm32g4xx_hal_cortex.o
 .debug_line    0x000074c7      0xaab ./Drivers/STM32G4xx_HAL_Driver/Src/stm32g4xx_hal_gpio.o
 .debug_line    0x00007f72      0xc31 ./Drivers/STM32G4xx_HAL_Driver/Src/stm32g4xx_hal_pwr_ex.o
 .debug_line    0x00008ba3      0xf55 ./Drivers/STM32G4xx_HAL_Driver/Src/stm32g4xx_hal_rcc.o
 .debug_line    0x00009af8     0x1081 ./Drivers/STM32G4xx_HAL_Driver/Src/stm32g4xx_hal_rcc_ex.o
 .debug_line    0x0000ab79     0x34f7 ./Drivers/STM32G4xx_HAL_Driver/Src/stm32g4xx_hal_uart.o
 .debug_line    0x0000e070      0xc07 ./Drivers/STM32G4xx_HAL_Driver/Src/stm32g4xx_hal_uart_ex.o

.debug_str      0x00000000    0xbcadc
 .debug_str     0x00000000    0xbcadc ./Core/Src/Devices/SCServos.o
                              0xb7676 (size before relaxing)
 .debug_str     0x000bcadc    0xb38dc ./Core/Src/gpio.o
 .debug_str     0x000bcadc    0xb58c5 ./Core/Src/main.o
 .debug_str     0x000bcadc    0xb38fd ./Core/Src/stm32g4xx_hal_msp.o
 .debug_str     0x000bcadc    0xb380c ./Core/Src/stm32g4xx_it.o
 .debug_str     0x000bcadc     0x99f7 ./Core/Src/syscalls.o
 .debug_str     0x000bcadc     0x7795 ./Core/Src/sysmem.o
 .debug_str     0x000bcadc    0xaf9a7 ./Core/Src/system_stm32g4xx.o
 .debug_str     0x000bcadc    0xb414d ./Core/Src/usart.o
 .debug_str     0x000bcadc       0x87 ./Core/Startup/startup_stm32g431kbtx.o
 .debug_str     0x000bcadc    0xb10b6 ./Drivers/BSP/STM32G4xx_Nucleo/stm32g4xx_nucleo.o
 .debug_str     0x000bcadc    0xb04e6 ./Drivers/STM32G4xx_HAL_Driver/Src/stm32g4xx_hal.o
 .debug_str     0x000bcadc    0xb01a2 ./Drivers/STM32G4xx_HAL_Driver/Src/stm32g4xx_hal_cortex.o
 .debug_str     0x000bcadc    0xafb32 ./Drivers/STM32G4xx_HAL_Driver/Src/stm32g4xx_hal_gpio.o
 .debug_str     0x000bcadc    0xafe95 ./Drivers/STM32G4xx_HAL_Driver/Src/stm32g4xx_hal_pwr_ex.o
 .debug_str     0x000bcadc    0xb00a0 ./Drivers/STM32G4xx_HAL_Driver/Src/stm32g4xx_hal_rcc.o
 .debug_str     0x000bcadc    0xb00a1 ./Drivers/STM32G4xx_HAL_Driver/Src/stm32g4xx_hal_rcc_ex.o
 .debug_str     0x000bcadc    0xb0962 ./Drivers/STM32G4xx_HAL_Driver/Src/stm32g4xx_hal_uart.o
 .debug_str     0x000bcadc    0xb0160 ./Drivers/STM32G4xx_HAL_Driver/Src/stm32g4xx_hal_uart_ex.o

.comment        0x00000000       0x43
 .comment       0x00000000       0x43 ./Core/Src/Devices/SCServos.o
                                 0x44 (size before relaxing)
 .comment       0x00000043       0x44 ./Core/Src/gpio.o
 .comment       0x00000043       0x44 ./Core/Src/main.o
 .comment       0x00000043       0x44 ./Core/Src/stm32g4xx_hal_msp.o
 .comment       0x00000043       0x44 ./Core/Src/stm32g4xx_it.o
 .comment       0x00000043       0x44 ./Core/Src/syscalls.o
 .comment       0x00000043       0x44 ./Core/Src/sysmem.o
 .comment       0x00000043       0x44 ./Core/Src/system_stm32g4xx.o
 .comment       0x00000043       0x44 ./Core/Src/usart.o
 .comment       0x00000043       0x44 ./Drivers/BSP/STM32G4xx_Nucleo/stm32g4xx_nucleo.o
 .comment       0x00000043       0x44 ./Drivers/STM32G4xx_HAL_Driver/Src/stm32g4xx_hal.o
 .comment       0x00000043       0x44 ./Drivers/STM32G4xx_HAL_Driver/Src/stm32g4xx_hal_cortex.o
 .comment       0x00000043       0x44 ./Drivers/STM32G4xx_HAL_Driver/Src/stm32g4xx_hal_gpio.o
 .comment       0x00000043       0x44 ./Drivers/STM32G4xx_HAL_Driver/Src/stm32g4xx_hal_pwr_ex.o
 .comment       0x00000043       0x44 ./Drivers/STM32G4xx_HAL_Driver/Src/stm32g4xx_hal_rcc.o
 .comment       0x00000043       0x44 ./Drivers/STM32G4xx_HAL_Driver/Src/stm32g4xx_hal_rcc_ex.o
 .comment       0x00000043       0x44 ./Drivers/STM32G4xx_HAL_Driver/Src/stm32g4xx_hal_uart.o
 .comment       0x00000043       0x44 ./Drivers/STM32G4xx_HAL_Driver/Src/stm32g4xx_hal_uart_ex.o

.debug_frame    0x00000000     0x395c
 .debug_frame   0x00000000      0x514 ./Core/Src/Devices/SCServos.o
 .debug_frame   0x00000514       0x38 ./Core/Src/gpio.o
 .debug_frame   0x0000054c       0x70 ./Core/Src/main.o
 .debug_frame   0x000005bc       0x34 ./Core/Src/stm32g4xx_hal_msp.o
 .debug_frame   0x000005f0      0x104 ./Core/Src/stm32g4xx_it.o
 .debug_frame   0x000006f4      0x2ac ./Core/Src/syscalls.o
 .debug_frame   0x000009a0       0x34 ./Core/Src/sysmem.o
 .debug_frame   0x000009d4       0x58 ./Core/Src/system_stm32g4xx.o
 .debug_frame   0x00000a2c       0x74 ./Core/Src/usart.o
 .debug_frame   0x00000aa0      0x31c ./Drivers/BSP/STM32G4xx_Nucleo/stm32g4xx_nucleo.o
 .debug_frame   0x00000dbc      0x500 ./Drivers/STM32G4xx_HAL_Driver/Src/stm32g4xx_hal.o
 .debug_frame   0x000012bc      0x4e8 ./Drivers/STM32G4xx_HAL_Driver/Src/stm32g4xx_hal_cortex.o
 .debug_frame   0x000017a4      0x14c ./Drivers/STM32G4xx_HAL_Driver/Src/stm32g4xx_hal_gpio.o
 .debug_frame   0x000018f0      0x4fc ./Drivers/STM32G4xx_HAL_Driver/Src/stm32g4xx_hal_pwr_ex.o
 .debug_frame   0x00001dec      0x23c ./Drivers/STM32G4xx_HAL_Driver/Src/stm32g4xx_hal_rcc.o
 .debug_frame   0x00002028      0x2ac ./Drivers/STM32G4xx_HAL_Driver/Src/stm32g4xx_hal_rcc_ex.o
 .debug_frame   0x000022d4      0xa94 ./Drivers/STM32G4xx_HAL_Driver/Src/stm32g4xx_hal_uart.o
 .debug_frame   0x00002d68      0x2c0 ./Drivers/STM32G4xx_HAL_Driver/Src/stm32g4xx_hal_uart_ex.o
 .debug_frame   0x00003028      0x144 /home/etienne/st/stm32cubeide_1.18.1/plugins/com.st.stm32cube.ide.mcu.externaltools.gnu-tools-for-stm32.13.3.rel1.linux64_1.0.0.202410170706/tools/bin/../lib/gcc/arm-none-eabi/13.3.1/../../../../arm-none-eabi/lib/thumb/v7e-m+fp/hard/libc_nano.a(libc_a-findfp.o)
 .debug_frame   0x0000316c       0x34 /home/etienne/st/stm32cubeide_1.18.1/plugins/com.st.stm32cube.ide.mcu.externaltools.gnu-tools-for-stm32.13.3.rel1.linux64_1.0.0.202410170706/tools/bin/../lib/gcc/arm-none-eabi/13.3.1/../../../../arm-none-eabi/lib/thumb/v7e-m+fp/hard/libc_nano.a(libc_a-fwalk.o)
 .debug_frame   0x000031a0       0x6c /home/etienne/st/stm32cubeide_1.18.1/plugins/com.st.stm32cube.ide.mcu.externaltools.gnu-tools-for-stm32.13.3.rel1.linux64_1.0.0.202410170706/tools/bin/../lib/gcc/arm-none-eabi/13.3.1/../../../../arm-none-eabi/lib/thumb/v7e-m+fp/hard/libc_nano.a(libc_a-printf.o)